
Allocating common symbols
Common symbol       size              file

netbufpool          0x4               binaries/net.o
tmp                 0x4               binaries/control_reg.o
readylist           0x2               binaries/ready.o
rfltab              0x5a0             binaries/rflinit.o
netportseed         0x8               binaries/net.o
sleepq              0x2               binaries/clkinit.o
page_in_use         0x2000            binaries/helper_functions.o
nnames              0x4               binaries/naminit.o
udptab              0x168             binaries/udp.o
minheap             0x4               binaries/meminit.o
marks               0x50              binaries/mark.o
currpid             0x4               binaries/initialize.o
Lf_data             0x20c             binaries/lfsinit.o
porttab             0x2d0             binaries/ptinit.o
girmask             0x2               binaries/evec.o
ttytab              0x110             binaries/ttyinit.o
proctab             0x1f40            binaries/initialize.o
prcount             0x4               binaries/initialize.o
lfltab              0xf00             binaries/lflinit.o
rdstab              0x7c              binaries/rdsinit.o
ethertab            0x130             binaries/ethinit.o
NetData             0xb0              binaries/net.o
ffs_in_use          0x4000            binaries/helper_functions.o
nmarks              0x4               binaries/mark.o
initsp              0x4               binaries/i386.o
Defer               0x8               binaries/resched.o
semtab              0x4b0             binaries/initialize.o
maxheap             0x4               binaries/meminit.o
preempt             0x4               binaries/clkinit.o
buftab              0xf0              binaries/bufinit.o
Rf_data             0x18              binaries/rfsinit.o
pt_used             0x401             binaries/ascdate.o
mkmutex             0x4               binaries/mark.o
clktime             0x4               binaries/clkinit.o
arpcache            0x140             binaries/arp.o
icmptab             0x230             binaries/icmp.o
nbpools             0x4               binaries/bufinit.o
queuetab            0x980             binaries/queue.o
kernels_directory   0x4               binaries/helper_functions.o
ptnextid            0x4               binaries/ptinit.o
Ram                 0x19000           binaries/raminit.o
ss_in_use           0x8000            binaries/helper_functions.o
ipoqueue            0x2c              binaries/ip.o
memlist             0xc               binaries/initialize.o
nametab             0x5200            binaries/naminit.o
ptfree              0x4               binaries/ptinit.o

Memory Configuration

Name             Origin             Length             Attributes
*default*        0x0000000000000000 0xffffffffffffffff

Linker script and memory map

                0x0000000000100000                physbase = 0x100000
                0x0000000000100000                . = physbase
                0x0000000000100000                . = ALIGN (0x1000)

.text           0x0000000000100000    0x1e000
                0x0000000000100000                text = ABSOLUTE (.)
 *(.text .text.*)
 .text          0x0000000000100000      0x165 binaries/start.o
                0x0000000000100020                entry
                0x000000000010003d                start
                0x00000000001000a5                inb
                0x00000000001000ad                inw
                0x00000000001000b6                inl
                0x00000000001000be                outb
                0x00000000001000c8                outw
                0x00000000001000d3                outl
                0x00000000001000dd                _rtcin
                0x00000000001000e8                ___udivsi3
                0x00000000001000f3                ___divsi3
                0x00000000001000ff                sbzero
                0x000000000010010f                bcopy
                0x0000000000100123                insw
                0x0000000000100139                outsw
                0x000000000010014f                lidt
                0x0000000000100157                jumptocode
                0x000000000010015e                jumptobootcode
 .text          0x0000000000100165      0x405 binaries/ascdate.o
                0x0000000000100165                ascdate
 .text          0x000000000010056a       0x14 binaries/bufinit.o
                0x000000000010056a                bufinit
 .text          0x000000000010057e       0x87 binaries/chprio.o
                0x000000000010057e                chprio
 .text          0x0000000000100605       0x96 binaries/clkhandler.o
                0x0000000000100605                clkhandler
 .text          0x000000000010069b       0x89 binaries/clkinit.o
                0x000000000010069b                clkinit
 .text          0x0000000000100724       0x6a binaries/close.o
                0x0000000000100724                close
 .text          0x000000000010078e        0x0 binaries/conf.o
 .text          0x000000000010078e       0x7f binaries/control.o
                0x000000000010078e                control
 .text          0x000000000010080d      0x169 binaries/control_reg.o
                0x000000000010080d                read_cr0
                0x000000000010083d                read_cr2
                0x000000000010086d                read_cr3
                0x000000000010089d                read_cr4
                0x00000000001008cd                write_cr0
                0x00000000001008fa                write_cr3
                0x0000000000100927                write_cr4
                0x0000000000100954                enable_paging
 .text          0x0000000000100976      0x2e1 binaries/create.o
                0x0000000000100976                create
                0x0000000000100be9                newpid
 .text          0x0000000000100c57      0x365 binaries/evec.o
                0x0000000000100c57                initevec
                0x0000000000100cad                set_evec
                0x0000000000100d4f                trap
 .text          0x0000000000100fbc       0x15 binaries/exit.o
                0x0000000000100fbc                exit
 .text          0x0000000000100fd1       0x82 binaries/freebuf.o
                0x0000000000100fd1                freebuf
 .text          0x0000000000101053      0x167 binaries/freemem.o
                0x0000000000101053                freemem
 .text          0x00000000001011ba       0x80 binaries/getbuf.o
                0x00000000001011ba                getbuf
 .text          0x000000000010123a       0x6a binaries/getc.o
                0x000000000010123a                getc
 .text          0x00000000001012a4       0x72 binaries/getdev.o
                0x00000000001012a4                getdev
 .text          0x0000000000101316       0xc8 binaries/getitem.o
                0x0000000000101316                getfirst
                0x0000000000101357                getlast
                0x000000000010139a                getitem
 .text          0x00000000001013de       0xfb binaries/getmem.o
                0x00000000001013de                getmem
 .text          0x00000000001014d9        0xa binaries/getpid.o
                0x00000000001014d9                getpid
 .text          0x00000000001014e3       0x6f binaries/getprio.o
                0x00000000001014e3                getprio
 .text          0x0000000000101552       0xf2 binaries/getstk.o
                0x0000000000101552                getstk
 .text          0x0000000000101644       0x16 binaries/getticks.o
                0x0000000000101644                getticks
 .text          0x000000000010165a       0x36 binaries/gettime.o
                0x000000000010165a                gettime
 .text          0x0000000000101690      0x1f5 binaries/getutime.o
                0x0000000000101690                getutime
 .text          0x0000000000101885     0x1562 binaries/helper_functions.o
                0x0000000000101885                get_next_free_page
                0x00000000001018d4                page_table_init
                0x0000000000101d04                init_pt_used
                0x0000000000101d28                alloc_new_pd
                0x0000000000101e27                init_heap
                0x0000000000101eaf                reservespace
                0x0000000000102035                freeffsframe
                0x000000000010206a                free_page_frame
                0x000000000010209f                create_help
                0x00000000001025aa                vcreate
                0x0000000000102649                vmalloc
                0x000000000010278a                vfree
                0x0000000000102abc                free_ffs_pages
                0x0000000000102af4                used_ffs_frames
                0x0000000000102bd1                allocated_virtual_pages
                0x0000000000102bea                new_ffs_frame
                0x0000000000102c32                dump_pd
                0x0000000000102c9d                dump_pt
 .text          0x0000000000102de7      0x410 binaries/i386.o
                0x0000000000102de7                setsegs
                0x0000000000102f05                init8259
                0x0000000000102fda                pseg
                0x000000000010319d                setirmask
 .text          0x00000000001031f7       0x6a binaries/init.o
                0x00000000001031f7                init
 .text          0x0000000000103261      0x42f binaries/initialize.o
                0x0000000000103261                nulluser
                0x000000000010363b                stop
                0x0000000000103662                delay
 .text          0x0000000000103690       0xda binaries/insert.o
                0x0000000000103690                insert
 .text          0x000000000010376a      0x10c binaries/insertd.o
                0x000000000010376a                insertd
 .text          0x0000000000103876        0xa binaries/ioerr.o
                0x0000000000103876                ioerr
 .text          0x0000000000103880        0xa binaries/ionull.o
                0x0000000000103880                ionull
 .text          0x000000000010388a      0x2b4 binaries/kill.o
                0x000000000010388a                kill
 .text          0x0000000000103b3e      0x17b binaries/kprintf.o
                0x0000000000103b3e                kputc
                0x0000000000103be7                kgetc
                0x0000000000103c8c                kprintf
 .text          0x0000000000103cb9      0x918 binaries/main.o
                0x0000000000103cb9                sync_printf
                0x0000000000103d66                process_info
                0x0000000000103db2                empty_process
                0x0000000000103dcc                vmalloc_process
                0x00000000001040b2                vmalloc_process2
                0x00000000001042b4                main
 .text          0x00000000001045d1       0xac binaries/mark.o
                0x00000000001045d1                markinit
                0x00000000001045f4                mark
 .text          0x000000000010467d       0xc0 binaries/meminit.o
                0x000000000010467d                meminit
 .text          0x000000000010473d      0x15f binaries/mkbufpool.o
                0x000000000010473d                mkbufpool
 .text          0x000000000010489c       0x94 binaries/newqueue.o
                0x000000000010489c                newqueue
 .text          0x0000000000104930       0x78 binaries/open.o
                0x0000000000104930                open
 .text          0x00000000001049a8      0x221 binaries/pagefault_handler.o
                0x00000000001049a8                pagefault_handler
 .text          0x0000000000104bc9       0x20 binaries/panic.o
                0x0000000000104bc9                panic
 .text          0x0000000000104be9      0x498 binaries/pci.o
                0x0000000000104be9                pci_init
                0x0000000000104eb5                find_pci_device
                0x0000000000104f03                pci_bios_read_config_byte
                0x0000000000104f42                pci_bios_read_config_word
                0x0000000000104f84                pci_bios_read_config_dword
                0x0000000000104fc3                pci_bios_write_config_byte
                0x0000000000105004                pci_bios_write_config_word
                0x0000000000105046                pci_bios_write_config_dword
 .text          0x0000000000105081       0xe6 binaries/ptclear.o
                0x0000000000105081                _ptclear
 .text          0x0000000000105167       0x8f binaries/ptcount.o
                0x0000000000105167                ptcount
 .text          0x00000000001051f6      0x105 binaries/ptcreate.o
                0x00000000001051f6                ptcreate
 .text          0x00000000001052fb       0x80 binaries/ptdelete.o
                0x00000000001052fb                ptdelete
 .text          0x000000000010537b       0xb7 binaries/ptinit.o
                0x000000000010537b                ptinit
 .text          0x0000000000105432      0x10a binaries/ptrecv.o
                0x0000000000105432                ptrecv
 .text          0x000000000010553c       0x78 binaries/ptreset.o
                0x000000000010553c                ptreset
 .text          0x00000000001055b4      0x128 binaries/ptsend.o
                0x00000000001055b4                ptsend
 .text          0x00000000001056dc       0x78 binaries/putc.o
                0x00000000001056dc                putc
 .text          0x0000000000105754      0x109 binaries/queue.o
                0x0000000000105754                enqueue
                0x00000000001057f4                dequeue
 .text          0x000000000010585d       0x78 binaries/read.o
                0x000000000010585d                read
 .text          0x00000000001058d5       0x7c binaries/ready.o
                0x00000000001058d5                ready
 .text          0x0000000000105951       0x5d binaries/receive.o
                0x0000000000105951                receive
 .text          0x00000000001059ae       0x59 binaries/recvclr.o
                0x00000000001059ae                recvclr
 .text          0x0000000000105a07       0xb8 binaries/recvtime.o
                0x0000000000105a07                recvtime
 .text          0x0000000000105abf      0x18c binaries/resched.o
                0x0000000000105abf                resched
                0x0000000000105bd6                resched_cntl
 .text          0x0000000000105c4b       0x9e binaries/resume.o
                0x0000000000105c4b                resume
 .text          0x0000000000105ce9       0x71 binaries/seek.o
                0x0000000000105ce9                seek
 .text          0x0000000000105d5a       0x69 binaries/semcount.o
                0x0000000000105d5a                semcount
 .text          0x0000000000105dc3       0xcf binaries/semcreate.o
                0x0000000000105dc3                semcreate
 .text          0x0000000000105e92       0xba binaries/semdelete.o
                0x0000000000105e92                semdelete
 .text          0x0000000000105f4c       0xbc binaries/semreset.o
                0x0000000000105f4c                semreset
 .text          0x0000000000106008       0xd4 binaries/send.o
                0x0000000000106008                send
 .text          0x00000000001060dc       0x97 binaries/signal.o
                0x00000000001060dc                signal
 .text          0x0000000000106173       0xc3 binaries/signaln.o
                0x0000000000106173                signaln
 .text          0x0000000000106236       0xe3 binaries/sleep.o
                0x0000000000106236                sleep
                0x0000000000106280                sleepms
 .text          0x0000000000106319      0x1ab binaries/stacktrace.o
                0x0000000000106319                stacktrace
 .text          0x00000000001064c4       0xd4 binaries/suspend.o
                0x00000000001064c4                suspend
 .text          0x0000000000106598       0xd6 binaries/unsleep.o
                0x0000000000106598                unsleep
 .text          0x000000000010666e       0x15 binaries/userret.o
                0x000000000010666e                userret
 .text          0x0000000000106683        0x0 binaries/vcreate.o
 .text          0x0000000000106683        0x0 binaries/vfree.o
 .text          0x0000000000106683        0x0 binaries/vmalloc.o
 .text          0x0000000000106683       0xd1 binaries/wait.o
                0x0000000000106683                wait
 .text          0x0000000000106754       0x68 binaries/wakeup.o
                0x0000000000106754                wakeup
 .text          0x00000000001067bc       0x78 binaries/write.o
                0x00000000001067bc                write
 .text          0x0000000000106834       0x19 binaries/xdone.o
                0x0000000000106834                xdone
 .text          0x000000000010684d       0x25 binaries/yield.o
                0x000000000010684d                yield
 .text          0x0000000000106872       0x11 binaries/abs.o
                0x0000000000106872                abs
 .text          0x0000000000106883       0x8f binaries/atoi.o
                0x0000000000106883                atoi
 .text          0x0000000000106912       0x8f binaries/atol.o
                0x0000000000106912                atol
 .text          0x00000000001069a1       0x31 binaries/bzero.o
                0x00000000001069a1                bzero
 .text          0x00000000001069d2        0x0 binaries/ctype_.o
 .text          0x00000000001069d2      0x8f8 binaries/doprnt.o
                0x00000000001069d2                _doprnt
 .text          0x00000000001072ca      0x6a2 binaries/doscan.o
                0x00000000001072ca                _doscan
 .text          0x000000000010796c      0x723 binaries/fdoprnt.o
                0x000000000010796c                _fdoprnt
 .text          0x000000000010808f       0x26 binaries/fgetc.o
                0x000000000010808f                fgetc
 .text          0x00000000001080b5       0x72 binaries/fgets.o
                0x00000000001080b5                fgets
 .text          0x0000000000108127       0x34 binaries/fprintf.o
                0x0000000000108127                fprintf
 .text          0x000000000010815b       0x2c binaries/fputc.o
                0x000000000010815b                fputc
 .text          0x0000000000108187       0x43 binaries/fputs.o
                0x0000000000108187                fputs
 .text          0x00000000001081ca       0x92 binaries/fscanf.o
                0x00000000001081ca                fscanf
 .text          0x000000000010825c       0x2a binaries/getchar.o
                0x000000000010825c                getchar
 .text          0x0000000000108286       0x11 binaries/labs.o
                0x0000000000108286                labs
 .text          0x0000000000108297       0x51 binaries/memcmp.o
                0x0000000000108297                memcmp
 .text          0x00000000001082e8       0x3f binaries/memcpy.o
                0x00000000001082e8                memcpy
 .text          0x0000000000108327       0x30 binaries/memset.o
                0x0000000000108327                memset
 .text          0x0000000000108357       0x4d binaries/printf.o
                0x0000000000108357                printf
 .text          0x00000000001083a4       0x31 binaries/putchar.o
                0x00000000001083a4                putchar
 .text          0x00000000001083d5      0x28c binaries/qsort.o
                0x00000000001083d5                qsort
 .text          0x0000000000108661       0x5f binaries/rand.o
                0x0000000000108661                rand
                0x0000000000108675                rand_r
                0x00000000001086b3                srand
 .text          0x00000000001086c0       0x6f binaries/sprintf.o
                0x00000000001086c0                sprintf
 .text          0x000000000010872f       0x7f binaries/sscanf.o
                0x000000000010872f                sscanf
 .text          0x00000000001087ae       0x3c binaries/strchr.o
                0x00000000001087ae                strchr
 .text          0x00000000001087ea       0x45 binaries/strcmp.o
                0x00000000001087ea                strcmp
 .text          0x000000000010882f       0x27 binaries/strcpy.o
                0x000000000010882f                strcpy
 .text          0x0000000000108856       0x26 binaries/strlen.o
                0x0000000000108856                strlen
 .text          0x000000000010887c       0x56 binaries/strncat.o
                0x000000000010887c                strncat
 .text          0x00000000001088d2       0x5e binaries/strncmp.o
                0x00000000001088d2                strncmp
 .text          0x0000000000108930       0x4f binaries/strncpy.o
                0x0000000000108930                strncpy
 .text          0x000000000010897f       0x2e binaries/strnlen.o
                0x000000000010897f                strnlen
 .text          0x00000000001089ad       0x45 binaries/strrchr.o
                0x00000000001089ad                strrchr
 .text          0x00000000001089f2       0x6d binaries/strstr.o
                0x00000000001089f2                strstr
 .text          0x0000000000108a5f       0xd8 binaries/ttycontrol.o
                0x0000000000108a5f                ttycontrol
 .text          0x0000000000108b37       0x93 binaries/ttygetc.o
                0x0000000000108b37                ttygetc
 .text          0x0000000000108bca      0x756 binaries/ttyhandle_in.o
                0x0000000000108bca                ttyhandle_in
 .text          0x0000000000109320      0x19f binaries/ttyhandle_out.o
                0x0000000000109320                ttyhandle_out
 .text          0x00000000001094bf       0xc6 binaries/ttyhandler.o
                0x00000000001094bf                ttyhandler
 .text          0x0000000000109585      0x22b binaries/ttyinit.o
                0x0000000000109585                ttyinit
 .text          0x00000000001097b0       0x1d binaries/ttykickout.o
                0x00000000001097b0                ttykickout
 .text          0x00000000001097cd       0xb2 binaries/ttyputc.o
                0x00000000001097cd                ttyputc
 .text          0x000000000010987f      0x10f binaries/ttyread.o
                0x000000000010987f                ttyread
 .text          0x000000000010998e       0x4f binaries/ttywrite.o
                0x000000000010998e                ttywrite
 .text          0x00000000001099dd      0x16a binaries/mount.o
                0x00000000001099dd                mount
                0x0000000000109b11                namlen
 .text          0x0000000000109b47      0x229 binaries/naminit.o
                0x0000000000109b47                naminit
 .text          0x0000000000109d70      0x216 binaries/nammap.o
                0x0000000000109d70                nammap
                0x0000000000109e01                namrepl
                0x0000000000109f36                namcpy
 .text          0x0000000000109f86       0x55 binaries/namopen.o
                0x0000000000109f86                namopen
 .text          0x0000000000109fdb      0xfa3 binaries/82545EMInit.o
                0x000000000010a032                _82545EMInit
                0x000000000010add8                _82545EM_read_phy_reg
                0x000000000010aea7                _82545EM_write_phy_reg
 .text          0x000000000010af7e      0x24c binaries/ethcontrol.o
                0x000000000010afd5                ethcontrol
                0x000000000010b152                ethIrqDisable
                0x000000000010b18e                ethIrqEnable
 .text          0x000000000010b1ca      0x241 binaries/ethhandler.o
                0x000000000010b33b                ethhandler
 .text          0x000000000010b40b      0x122 binaries/ethinit.o
                0x000000000010b40b                ethinit
 .text          0x000000000010b52d      0x1f0 binaries/ethread.o
                0x000000000010b584                ethread
 .text          0x000000000010b71d      0x19a binaries/ethwrite.o
                0x000000000010b774                ethwrite
 .text          0x000000000010b8b7      0x2c1 binaries/rdscomm.o
                0x000000000010b8b7                rdscomm
 .text          0x000000000010bb78      0x21b binaries/rdscontrol.o
                0x000000000010bb78                rdscontrol
 .text          0x000000000010bd93       0x4e binaries/rdsinit.o
                0x000000000010bd93                rdsinit
 .text          0x000000000010bde1      0x385 binaries/rdsopen.o
                0x000000000010bde1                rdsopen
 .text          0x000000000010c166      0x40d binaries/rdsprocess.o
                0x000000000010c166                rdsprocess
 .text          0x000000000010c573      0x5b2 binaries/rdsqfcns.o
                0x000000000010c573                rdqunlink
                0x000000000010c615                rdqinsert
                0x000000000010c66a                rdcunlink
                0x000000000010c714                rdcinsert
                0x000000000010c7f5                edqdump
                0x000000000010c9b1                edcdump
 .text          0x000000000010cb25      0x1d7 binaries/rdsread.o
                0x000000000010cb25                rdsread
 .text          0x000000000010ccfc       0x58 binaries/rdssetprio.o
                0x000000000010ccfc                rdssetprio
 .text          0x000000000010cd54      0x117 binaries/rdswrite.o
                0x000000000010cd54                rdswrite
 .text          0x000000000010ce6b        0xa binaries/ramclose.o
                0x000000000010ce6b                ramclose
 .text          0x000000000010ce75       0x45 binaries/raminit.o
                0x000000000010ce75                raminit
 .text          0x000000000010ceba        0xa binaries/ramopen.o
                0x000000000010ceba                ramopen
 .text          0x000000000010cec4       0x35 binaries/ramread.o
                0x000000000010cec4                ramread
 .text          0x000000000010cef9       0x36 binaries/ramwrite.o
                0x000000000010cef9                ramwrite
 .text          0x000000000010cf2f       0x9e binaries/lfdballoc.o
                0x000000000010cf2f                lfdballoc
 .text          0x000000000010cfcd       0x62 binaries/lfdbfree.o
                0x000000000010cfcd                lfdbfree
 .text          0x000000000010d02f       0xbf binaries/lfflush.o
                0x000000000010d02f                lfflush
 .text          0x000000000010d0ee       0xd8 binaries/lfgetmode.o
                0x000000000010d0ee                lfgetmode
 .text          0x000000000010d1c6       0x6c binaries/lfiballoc.o
                0x000000000010d1c6                lfiballoc
 .text          0x000000000010d232       0x3b binaries/lfibclear.o
                0x000000000010d232                lfibclear
 .text          0x000000000010d26d       0xae binaries/lfibget.o
                0x000000000010d26d                lfibget
 .text          0x000000000010d31b       0xe0 binaries/lfibput.o
                0x000000000010d31b                lfibput
 .text          0x000000000010d3fb       0x93 binaries/lflclose.o
                0x000000000010d3fb                lflclose
 .text          0x000000000010d48e       0xb5 binaries/lflcontrol.o
                0x000000000010d48e                lflcontrol
 .text          0x000000000010d543       0xdf binaries/lflgetc.o
                0x000000000010d543                lflgetc
 .text          0x000000000010d622       0xfb binaries/lflinit.o
                0x000000000010d622                lflinit
 .text          0x000000000010d71d      0x10f binaries/lflputc.o
                0x000000000010d71d                lflputc
 .text          0x000000000010d82c       0x6d binaries/lflread.o
                0x000000000010d82c                lflread
 .text          0x000000000010d899       0x9c binaries/lflseek.o
                0x000000000010d899                lflseek
 .text          0x000000000010d935       0x55 binaries/lflwrite.o
                0x000000000010d935                lflwrite
 .text          0x000000000010d98a       0x62 binaries/lfscheck.o
                0x000000000010d98a                lfscheck
 .text          0x000000000010d9ec      0x176 binaries/lfsckfmt.o
                0x000000000010d9ec                lfsckfmt
 .text          0x000000000010db62      0x221 binaries/lfscreate.o
                0x000000000010db62                lfscreate
 .text          0x000000000010dd83      0x282 binaries/lfsetup.o
                0x000000000010dd83                lfsetup
 .text          0x000000000010e005       0x55 binaries/lfsinit.o
                0x000000000010e005                lfsinit
 .text          0x000000000010e05a      0x3cb binaries/lfsopen.o
                0x000000000010e05a                lfsopen
 .text          0x000000000010e425      0x161 binaries/lftruncate.o
                0x000000000010e425                lftruncate
 .text          0x000000000010e586      0x1a5 binaries/rflclose.o
                0x000000000010e586                rflclose
 .text          0x000000000010e72b       0x5d binaries/rflgetc.o
                0x000000000010e72b                rflgetc
 .text          0x000000000010e788       0x76 binaries/rflinit.o
                0x000000000010e788                rflinit
 .text          0x000000000010e7fe       0x39 binaries/rflputc.o
                0x000000000010e7fe                rflputc
 .text          0x000000000010e837      0x386 binaries/rflread.o
                0x000000000010e837                rflread
 .text          0x000000000010ebbd       0x68 binaries/rflseek.o
                0x000000000010ebbd                rflseek
 .text          0x000000000010ec25      0x336 binaries/rflwrite.o
                0x000000000010ec25                rflwrite
 .text          0x000000000010ef5b      0x22f binaries/rfscomm.o
                0x000000000010ef5b                rfscomm
 .text          0x000000000010f18a      0x258 binaries/rfscontrol.o
                0x000000000010f18a                rfscontrol
 .text          0x000000000010f3e2       0xd8 binaries/rfsgetmode.o
                0x000000000010f3e2                rfsgetmode
 .text          0x000000000010f4ba       0x61 binaries/rfsinit.o
                0x000000000010f4ba                rfsinit
 .text          0x000000000010f51b      0x128 binaries/rfsndmsg.o
                0x000000000010f51b                rfsndmsg
 .text          0x000000000010f643      0x28d binaries/rfsopen.o
                0x000000000010f643                rfsopen
 .text          0x000000000010f8d0      0x855 binaries/arp.o
                0x000000000010f8d0                arp_init
                0x000000000010f902                arp_resolve
                0x000000000010fbcf                arp_in
                0x000000000010fe81                arp_alloc
                0x000000000010ff4d                arp_ntoh
                0x0000000000110039                arp_hton
 .text          0x0000000000110125      0x947 binaries/dhcp.o
                0x0000000000110125                dhcp_get_opt_val
                0x000000000011017e                dhcp_bld_bootp_msg
                0x00000000001102a8                dhcp_bld_disc
                0x000000000011038e                dhcp_bld_req
                0x000000000011050b                getlocalip
 .text          0x0000000000110a6c      0x6e3 binaries/dns.o
                0x0000000000110a6c                dnslookup
 .text          0x000000000011114f       0xe0 binaries/dot2ip.o
                0x000000000011114f                dot2ip
 .text          0x000000000011122f      0x468 binaries/hexdump.o
                0x000000000011122f                hexdump
                0x00000000001113b2                hexadump
 .text          0x0000000000111697      0x8c4 binaries/icmp.o
                0x0000000000111697                icmp_init
                0x00000000001116cd                icmp_in
                0x00000000001118d5                icmp_register
                0x00000000001119c7                icmp_recv
                0x0000000000111b40                icmp_send
                0x0000000000111bd5                icmp_mkpkt
                0x0000000000111cf0                icmp_release
                0x0000000000111de0                icmp_cksum
                0x0000000000111e73                icmp_hton
                0x0000000000111ee7                icmp_ntoh
 .text          0x0000000000111f5b      0x81d binaries/ip.o
                0x0000000000111f5b                ip_in
                0x00000000001120a7                ip_send
                0x00000000001121e9                ip_local
                0x000000000011222c                ip_out
                0x0000000000112359                ipcksum
                0x00000000001123df                ip_ntoh
                0x00000000001124cb                ip_hton
                0x00000000001125b7                ipout
                0x00000000001126d9                ip_enqueue
 .text          0x0000000000112778      0x2ed binaries/net.o
                0x0000000000112778                net_init
                0x00000000001128d0                netin
                0x000000000011297c                eth_hton
                0x00000000001129a6                eth_ntoh
                0x00000000001129d0                getport
 .text          0x0000000000112a65     0x1539 binaries/pdump.o
                0x0000000000112a65                pdump
                0x0000000000113881                pdumph
 .text          0x0000000000113f9e      0x64a binaries/tftp.o
                0x0000000000113f9e                tftp_send1
                0x000000000011412e                tftpget
                0x0000000000114170                tftpget_mb
 .text          0x00000000001145e8      0xb08 binaries/udp.o
                0x00000000001145e8                udp_init
                0x000000000011461c                udp_in
                0x0000000000114757                udp_register
                0x000000000011488b                udp_recv
                0x0000000000114a11                udp_recvaddr
                0x0000000000114baf                udp_send
                0x0000000000114d7e                udp_sendto
                0x0000000000114f19                udp_release
                0x0000000000115006                udp_ntoh
                0x000000000011507b                udp_hton
 .text          0x00000000001150f0      0x134 binaries/addargs.o
                0x00000000001150f0                addargs
 .text          0x0000000000115224      0x2c9 binaries/lexan.o
                0x0000000000115224                lexan
 .text          0x00000000001154ed      0x6e7 binaries/shell.o
                0x00000000001154ed                shell
 .text          0x0000000000115bd4       0x68 binaries/xsh_argecho.o
                0x0000000000115bd4                xsh_argecho
 .text          0x0000000000115c3c      0x23a binaries/xsh_arp.o
                0x0000000000115c3c                xsh_arp
 .text          0x0000000000115e76      0x245 binaries/xsh_cat.o
                0x0000000000115e76                xsh_cat
 .text          0x00000000001160bb       0x59 binaries/xsh_clear.o
                0x00000000001160bb                xsh_clear
 .text          0x0000000000116114      0x2e0 binaries/xsh_date.o
                0x0000000000116114                xsh_date
 .text          0x00000000001163f4       0xab binaries/xsh_devdump.o
                0x00000000001163f4                xsh_devdump
 .text          0x000000000011649f       0x6c binaries/xsh_echo.o
                0x000000000011649f                xsh_echo
 .text          0x000000000011650b        0xa binaries/xsh_exit.o
                0x000000000011650b                xsh_exit
 .text          0x0000000000116515      0x368 binaries/xsh_help.o
                0x0000000000116515                xsh_help
 .text          0x000000000011687d      0x232 binaries/xsh_kill.o
                0x000000000011687d                xsh_kill
 .text          0x0000000000116aaf      0x531 binaries/xsh_ls.o
                0x0000000000116aaf                xsh_ls
 .text          0x0000000000116fe0      0x50a binaries/xsh_memdump.o
                0x0000000000116fe0                xsh_memdump
 .text          0x00000000001174ea      0x291 binaries/xsh_memstat.o
                0x00000000001174ea                xsh_memstat
 .text          0x000000000011777b      0x5ae binaries/xsh_netinfo.o
                0x000000000011777b                xsh_netinfo
 .text          0x0000000000117d29      0x5e8 binaries/xsh_ns.o
                0x0000000000117d29                xsh_ns
 .text          0x0000000000118311      0x3c7 binaries/xsh_ping.o
                0x0000000000118311                xsh_ping
 .text          0x00000000001186d8      0x259 binaries/xsh_ps.o
                0x00000000001186d8                xsh_ps
 .text          0x0000000000118931      0x20f binaries/xsh_sleep.o
                0x0000000000118931                xsh_sleep
 .text          0x0000000000118b40      0x2b2 binaries/xsh_udpdump.o
                0x0000000000118b40                xsh_udpdump
 .text          0x0000000000118df2      0x578 binaries/xsh_udpecho.o
                0x0000000000118df2                xsh_udpecho
 .text          0x000000000011936a      0x2c6 binaries/xsh_udpserver.o
                0x000000000011936a                xsh_udpeserver
 .text          0x0000000000119630      0x1dd binaries/xsh_uptime.o
                0x0000000000119630                xsh_uptime
 .text          0x000000000011980d        0xe binaries/clkdisp.o
                0x000000000011980d                clkdisp
 .text          0x000000000011981b       0x19 binaries/ctxsw.o
                0x000000000011981b                ctxsw
 .text          0x0000000000119834      0x368 binaries/intr.o
                0x0000000000119834                disable
                0x000000000011983d                restore
                0x000000000011984b                enable
                0x000000000011984d                pause
                0x0000000000119854                halt
                0x0000000000119857                spurious_irq7
                0x000000000011985c                spurious_irq15
                0x000000000011986b                _Xint0
                0x0000000000119876                _Xint1
                0x0000000000119881                _Xint2
                0x000000000011988c                _Xint3
                0x0000000000119897                _Xint4
                0x00000000001198a2                _Xint5
                0x00000000001198ad                _Xint6
                0x00000000001198b8                _Xint7
                0x00000000001198c3                _Xint8
                0x00000000001198ce                _Xint9
                0x00000000001198d9                _Xint10
                0x00000000001198e4                _Xint11
                0x00000000001198f2                _Xint12
                0x0000000000119900                _Xint13
                0x000000000011990e                _Xint14
                0x000000000011991c                _Xint15
                0x000000000011992a                _Xint16
                0x0000000000119938                _Xint17
                0x0000000000119946                _Xint18
                0x0000000000119954                _Xint19
                0x0000000000119962                _Xint20
                0x0000000000119970                _Xint21
                0x000000000011997e                _Xint22
                0x000000000011998c                _Xint23
                0x000000000011999a                _Xint24
                0x00000000001199a8                _Xint25
                0x00000000001199b6                _Xint26
                0x00000000001199c4                _Xint27
                0x00000000001199d2                _Xint28
                0x00000000001199e0                _Xint29
                0x00000000001199ee                _Xint30
                0x00000000001199fc                _Xint31
                0x0000000000119a0a                _Xint32
                0x0000000000119a18                _Xint33
                0x0000000000119a26                _Xint34
                0x0000000000119a34                _Xint35
                0x0000000000119a42                _Xint36
                0x0000000000119a50                _Xint37
                0x0000000000119a5e                _Xint38
                0x0000000000119a6c                _Xint39
                0x0000000000119a7a                _Xint40
                0x0000000000119a88                _Xint41
                0x0000000000119a96                _Xint42
                0x0000000000119aa4                _Xint43
                0x0000000000119ab2                _Xint44
                0x0000000000119ac0                _Xint45
                0x0000000000119ace                _Xint46
                0x0000000000119adc                defevec
 .text          0x0000000000119b9c        0xd binaries/pagefault_handler_disp.o
                0x0000000000119b9c                pagefault_handler_disp
 .text          0x0000000000119ba9        0xf binaries/ttydispatch.o
                0x0000000000119ba9                ttydispatch
 .text          0x0000000000119bb8       0x13 binaries/ethdispatch.o
                0x0000000000119bb8                ethdispatch
 *(.rodata .rodata.*)
 *fill*         0x0000000000119bcb        0x1 
 .rodata        0x0000000000119bcc       0x8e binaries/ascdate.o
 .rodata        0x0000000000119c5a       0xae binaries/conf.o
 .rodata        0x0000000000119d08      0x22f binaries/evec.o
 *fill*         0x0000000000119f37        0x1 
 .rodata        0x0000000000119f38       0x61 binaries/getutime.o
 *fill*         0x0000000000119f99        0x3 
 .rodata        0x0000000000119f9c      0x221 binaries/helper_functions.o
 *fill*         0x000000000011a1bd        0x3 
 .rodata        0x000000000011a1c0       0x90 binaries/i386.o
 .rodata        0x000000000011a250      0x187 binaries/initialize.o
 *fill*         0x000000000011a3d7        0x1 
 .rodata        0x000000000011a3d8       0x20 binaries/kill.o
 .rodata        0x000000000011a3f8      0x57b binaries/main.o
 .rodata        0x000000000011a973       0x1c binaries/pagefault_handler.o
 .rodata        0x000000000011a98f        0xf binaries/panic.o
 *fill*         0x000000000011a99e        0x2 
 .rodata        0x000000000011a9a0      0x1ec binaries/pci.o
 .rodata        0x000000000011ab8c       0x1d binaries/ptinit.o
 *fill*         0x000000000011aba9        0x3 
 .rodata        0x000000000011abac       0x25 binaries/ptsend.o
 *fill*         0x000000000011abd1        0x3 
 .rodata        0x000000000011abd4       0xb7 binaries/stacktrace.o
 *fill*         0x000000000011ac8b        0x1 
 .rodata        0x000000000011ac8c       0x27 binaries/xdone.o
 *fill*         0x000000000011acb3        0xd 
 .rodata        0x000000000011acc0       0x81 binaries/ctype_.o
                0x000000000011acc0                _ctype_
 *fill*         0x000000000011ad41        0x3 
 .rodata        0x000000000011ad44       0xee binaries/doprnt.o
 *fill*         0x000000000011ae32        0x2 
 .rodata        0x000000000011ae34       0x98 binaries/doscan.o
 .rodata        0x000000000011aecc       0xae binaries/fdoprnt.o
 *fill*         0x000000000011af7a        0x2 
 .rodata        0x000000000011af7c       0x20 binaries/ttycontrol.o
 .rodata        0x000000000011af9c       0x34 binaries/ttyhandler.o
 .rodata        0x000000000011afd0       0x14 binaries/mount.o
 .rodata        0x000000000011afe4       0x82 binaries/naminit.o
 *fill*         0x000000000011b066        0x2 
 .rodata        0x000000000011b068       0x2e binaries/82545EMInit.o
 *fill*         0x000000000011b096        0x2 
 .rodata        0x000000000011b098       0x78 binaries/ethinit.o
 .rodata        0x000000000011b110       0x18 binaries/ethread.o
 .rodata        0x000000000011b128       0x76 binaries/rdscomm.o
 *fill*         0x000000000011b19e        0x2 
 .rodata        0x000000000011b1a0       0x21 binaries/rdscontrol.o
 *fill*         0x000000000011b1c1        0x3 
 .rodata        0x000000000011b1c4       0xae binaries/rdsopen.o
 *fill*         0x000000000011b272        0x2 
 .rodata        0x000000000011b274       0x3e binaries/rdsprocess.o
 *fill*         0x000000000011b2b2        0x2 
 .rodata        0x000000000011b2b4       0xe2 binaries/rdsqfcns.o
 .rodata        0x000000000011b396        0x9 binaries/raminit.o
 *fill*         0x000000000011b39f        0x1 
 .rodata        0x000000000011b3a0       0x36 binaries/lfdballoc.o
 .rodata        0x000000000011b3d6       0x14 binaries/lfiballoc.o
 *fill*         0x000000000011b3ea        0x2 
 .rodata        0x000000000011b3ec       0x22 binaries/lflcontrol.o
 *fill*         0x000000000011b40e        0x2 
 .rodata        0x000000000011b410      0x118 binaries/lfsckfmt.o
 .rodata        0x000000000011b528       0x66 binaries/lfsopen.o
 *fill*         0x000000000011b58e        0x2 
 .rodata        0x000000000011b590       0x21 binaries/rflclose.o
 *fill*         0x000000000011b5b1        0x3 
 .rodata        0x000000000011b5b4       0x21 binaries/rflread.o
 *fill*         0x000000000011b5d5        0x3 
 .rodata        0x000000000011b5d8       0x21 binaries/rflwrite.o
 *fill*         0x000000000011b5f9        0x3 
 .rodata        0x000000000011b5fc       0xa1 binaries/rfscomm.o
 *fill*         0x000000000011b69d        0x3 
 .rodata        0x000000000011b6a0       0x3c binaries/rfscontrol.o
 .rodata        0x000000000011b6dc       0x2b binaries/rfsinit.o
 *fill*         0x000000000011b707        0x1 
 .rodata        0x000000000011b708       0x2a binaries/rfsndmsg.o
 *fill*         0x000000000011b732        0x2 
 .rodata        0x000000000011b734       0x21 binaries/rfsopen.o
 *fill*         0x000000000011b755        0x3 
 .rodata        0x000000000011b758       0x3a binaries/arp.o
 *fill*         0x000000000011b792        0x2 
 .rodata        0x000000000011b794       0xcf binaries/dhcp.o
 .rodata        0x000000000011b863       0x24 binaries/dns.o
 *fill*         0x000000000011b887        0x1 
 .rodata        0x000000000011b888       0xc9 binaries/hexdump.o
 *fill*         0x000000000011b951        0x3 
 .rodata        0x000000000011b954       0x29 binaries/icmp.o
 *fill*         0x000000000011b97d        0x3 
 .rodata        0x000000000011b980       0x52 binaries/ip.o
 *fill*         0x000000000011b9d2        0x2 
 .rodata        0x000000000011b9d4       0x4f binaries/net.o
 *fill*         0x000000000011ba23        0x1 
 .rodata        0x000000000011ba24      0x26f binaries/pdump.o
 *fill*         0x000000000011bc93        0x1 
 .rodata        0x000000000011bc94      0x154 binaries/tftp.o
 *fill*         0x000000000011bde8       0x18 
 .rodata        0x000000000011be00      0x3f9 binaries/shell.o
                0x000000000011bea0                cmdtab
 .rodata        0x000000000011c1f9       0x28 binaries/xsh_argecho.o
 *fill*         0x000000000011c221        0x3 
 .rodata        0x000000000011c224      0x123 binaries/xsh_arp.o
 *fill*         0x000000000011c347        0x1 
 .rodata        0x000000000011c348       0xc9 binaries/xsh_cat.o
 .rodata        0x000000000011c411       0x19 binaries/xsh_clear.o
 *fill*         0x000000000011c42a        0x2 
 .rodata        0x000000000011c42c      0x1c3 binaries/xsh_date.o
 .rodata        0x000000000011c5ef       0x5d binaries/xsh_devdump.o
 .rodata        0x000000000011c64c        0x9 binaries/xsh_echo.o
 *fill*         0x000000000011c655        0x3 
 .rodata        0x000000000011c658      0x169 binaries/xsh_help.o
 *fill*         0x000000000011c7c1        0x3 
 .rodata        0x000000000011c7c4      0x12e binaries/xsh_kill.o
 *fill*         0x000000000011c8f2        0x2 
 .rodata        0x000000000011c8f4      0x190 binaries/xsh_ls.o
 .rodata        0x000000000011ca84      0x266 binaries/xsh_memdump.o
 *fill*         0x000000000011ccea        0x2 
 .rodata        0x000000000011ccec      0x225 binaries/xsh_memstat.o
 *fill*         0x000000000011cf11        0x3 
 .rodata        0x000000000011cf14      0x1b0 binaries/xsh_netinfo.o
 *fill*         0x000000000011d0c4       0x1c 
 .rodata        0x000000000011d0e0      0x340 binaries/xsh_ns.o
 .rodata        0x000000000011d420      0x19d binaries/xsh_ping.o
 *fill*         0x000000000011d5bd        0x3 
 .rodata        0x000000000011d5c0      0x1e0 binaries/xsh_ps.o
 .rodata        0x000000000011d7a0       0xeb binaries/xsh_sleep.o
 *fill*         0x000000000011d88b        0x1 
 .rodata        0x000000000011d88c      0x1b8 binaries/xsh_udpdump.o
 .rodata        0x000000000011da44      0x27d binaries/xsh_udpecho.o
 *fill*         0x000000000011dcc1        0x3 
 .rodata        0x000000000011dcc4      0x12b binaries/xsh_udpserver.o
 *fill*         0x000000000011ddef        0x1 
 .rodata        0x000000000011ddf0      0x105 binaries/xsh_uptime.o
                0x000000000011def5                etext = ABSOLUTE (.)
                0x000000000011e000                . = ALIGN (0x1000)
 *fill*         0x000000000011def5      0x10b 

.eh_frame       0x000000000011e000     0x3170
 .eh_frame      0x000000000011e000       0x40 binaries/ascdate.o
 .eh_frame      0x000000000011e040       0x20 binaries/bufinit.o
                                         0x38 (size before relaxing)
 .eh_frame      0x000000000011e060       0x20 binaries/chprio.o
                                         0x38 (size before relaxing)
 .eh_frame      0x000000000011e080       0x20 binaries/clkhandler.o
                                         0x38 (size before relaxing)
 .eh_frame      0x000000000011e0a0       0x20 binaries/clkinit.o
                                         0x38 (size before relaxing)
 .eh_frame      0x000000000011e0c0       0x20 binaries/close.o
                                         0x38 (size before relaxing)
 .eh_frame      0x000000000011e0e0       0x20 binaries/control.o
                                         0x38 (size before relaxing)
 .eh_frame      0x000000000011e100      0x100 binaries/control_reg.o
                                        0x118 (size before relaxing)
 .eh_frame      0x000000000011e200       0x40 binaries/create.o
                                         0x58 (size before relaxing)
 .eh_frame      0x000000000011e240       0x60 binaries/evec.o
                                         0x78 (size before relaxing)
 .eh_frame      0x000000000011e2a0       0x20 binaries/exit.o
                                         0x38 (size before relaxing)
 .eh_frame      0x000000000011e2c0       0x20 binaries/freebuf.o
                                         0x38 (size before relaxing)
 .eh_frame      0x000000000011e2e0       0x20 binaries/freemem.o
                                         0x38 (size before relaxing)
 .eh_frame      0x000000000011e300       0x20 binaries/getbuf.o
                                         0x38 (size before relaxing)
 .eh_frame      0x000000000011e320       0x20 binaries/getc.o
                                         0x38 (size before relaxing)
 .eh_frame      0x000000000011e340       0x20 binaries/getdev.o
                                         0x38 (size before relaxing)
 .eh_frame      0x000000000011e360       0x60 binaries/getitem.o
                                         0x78 (size before relaxing)
 .eh_frame      0x000000000011e3c0       0x20 binaries/getmem.o
                                         0x38 (size before relaxing)
 .eh_frame      0x000000000011e3e0       0x20 binaries/getpid.o
                                         0x38 (size before relaxing)
 .eh_frame      0x000000000011e400       0x20 binaries/getprio.o
                                         0x38 (size before relaxing)
 .eh_frame      0x000000000011e420       0x20 binaries/getstk.o
                                         0x38 (size before relaxing)
 .eh_frame      0x000000000011e440       0x20 binaries/getticks.o
                                         0x38 (size before relaxing)
 .eh_frame      0x000000000011e460       0x20 binaries/gettime.o
                                         0x38 (size before relaxing)
 .eh_frame      0x000000000011e480       0x20 binaries/getutime.o
                                         0x38 (size before relaxing)
 .eh_frame      0x000000000011e4a0      0x25c binaries/helper_functions.o
                                        0x274 (size before relaxing)
 .eh_frame      0x000000000011e6fc       0x8c binaries/i386.o
                                         0xa4 (size before relaxing)
 .eh_frame      0x000000000011e788       0x20 binaries/init.o
                                         0x38 (size before relaxing)
 .eh_frame      0x000000000011e7a8       0xa0 binaries/initialize.o
                                         0xb8 (size before relaxing)
 .eh_frame      0x000000000011e848       0x20 binaries/insert.o
                                         0x38 (size before relaxing)
 .eh_frame      0x000000000011e868       0x20 binaries/insertd.o
                                         0x38 (size before relaxing)
 .eh_frame      0x000000000011e888       0x20 binaries/ioerr.o
                                         0x38 (size before relaxing)
 .eh_frame      0x000000000011e8a8       0x20 binaries/ionull.o
                                         0x38 (size before relaxing)
 .eh_frame      0x000000000011e8c8       0x20 binaries/kill.o
                                         0x38 (size before relaxing)
 .eh_frame      0x000000000011e8e8       0x60 binaries/kprintf.o
                                         0x78 (size before relaxing)
 .eh_frame      0x000000000011e948       0xcc binaries/main.o
                                         0xe4 (size before relaxing)
 .eh_frame      0x000000000011ea14       0x40 binaries/mark.o
                                         0x58 (size before relaxing)
 .eh_frame      0x000000000011ea54       0x20 binaries/meminit.o
                                         0x38 (size before relaxing)
 .eh_frame      0x000000000011ea74       0x20 binaries/mkbufpool.o
                                         0x38 (size before relaxing)
 .eh_frame      0x000000000011ea94       0x20 binaries/newqueue.o
                                         0x38 (size before relaxing)
 .eh_frame      0x000000000011eab4       0x20 binaries/open.o
                                         0x38 (size before relaxing)
 .eh_frame      0x000000000011ead4       0x20 binaries/pagefault_handler.o
                                         0x38 (size before relaxing)
 .eh_frame      0x000000000011eaf4       0x1c binaries/panic.o
                                         0x34 (size before relaxing)
 .eh_frame      0x000000000011eb10      0x1c8 binaries/pci.o
                                        0x1e0 (size before relaxing)
 .eh_frame      0x000000000011ecd8       0x20 binaries/ptclear.o
                                         0x38 (size before relaxing)
 .eh_frame      0x000000000011ecf8       0x20 binaries/ptcount.o
                                         0x38 (size before relaxing)
 .eh_frame      0x000000000011ed18       0x20 binaries/ptcreate.o
                                         0x38 (size before relaxing)
 .eh_frame      0x000000000011ed38       0x20 binaries/ptdelete.o
                                         0x38 (size before relaxing)
 .eh_frame      0x000000000011ed58       0x20 binaries/ptinit.o
                                         0x38 (size before relaxing)
 .eh_frame      0x000000000011ed78       0x20 binaries/ptrecv.o
                                         0x38 (size before relaxing)
 .eh_frame      0x000000000011ed98       0x20 binaries/ptreset.o
                                         0x38 (size before relaxing)
 .eh_frame      0x000000000011edb8       0x20 binaries/ptsend.o
                                         0x38 (size before relaxing)
 .eh_frame      0x000000000011edd8       0x20 binaries/putc.o
                                         0x38 (size before relaxing)
 .eh_frame      0x000000000011edf8       0x40 binaries/queue.o
                                         0x58 (size before relaxing)
 .eh_frame      0x000000000011ee38       0x20 binaries/read.o
                                         0x38 (size before relaxing)
 .eh_frame      0x000000000011ee58       0x24 binaries/ready.o
                                         0x3c (size before relaxing)
 .eh_frame      0x000000000011ee7c       0x20 binaries/receive.o
                                         0x38 (size before relaxing)
 .eh_frame      0x000000000011ee9c       0x20 binaries/recvclr.o
                                         0x38 (size before relaxing)
 .eh_frame      0x000000000011eebc       0x20 binaries/recvtime.o
                                         0x38 (size before relaxing)
 .eh_frame      0x000000000011eedc       0x40 binaries/resched.o
                                         0x58 (size before relaxing)
 .eh_frame      0x000000000011ef1c       0x20 binaries/resume.o
                                         0x38 (size before relaxing)
 .eh_frame      0x000000000011ef3c       0x20 binaries/seek.o
                                         0x38 (size before relaxing)
 .eh_frame      0x000000000011ef5c       0x20 binaries/semcount.o
                                         0x38 (size before relaxing)
 .eh_frame      0x000000000011ef7c       0x40 binaries/semcreate.o
                                         0x58 (size before relaxing)
 .eh_frame      0x000000000011efbc       0x20 binaries/semdelete.o
                                         0x38 (size before relaxing)
 .eh_frame      0x000000000011efdc       0x20 binaries/semreset.o
                                         0x38 (size before relaxing)
 .eh_frame      0x000000000011effc       0x20 binaries/send.o
                                         0x38 (size before relaxing)
 .eh_frame      0x000000000011f01c       0x20 binaries/signal.o
                                         0x38 (size before relaxing)
 .eh_frame      0x000000000011f03c       0x20 binaries/signaln.o
                                         0x38 (size before relaxing)
 .eh_frame      0x000000000011f05c       0x40 binaries/sleep.o
                                         0x58 (size before relaxing)
 .eh_frame      0x000000000011f09c       0x20 binaries/stacktrace.o
                                         0x38 (size before relaxing)
 .eh_frame      0x000000000011f0bc       0x20 binaries/suspend.o
                                         0x38 (size before relaxing)
 .eh_frame      0x000000000011f0dc       0x20 binaries/unsleep.o
                                         0x38 (size before relaxing)
 .eh_frame      0x000000000011f0fc       0x20 binaries/userret.o
                                         0x38 (size before relaxing)
 .eh_frame      0x000000000011f11c       0x20 binaries/wait.o
                                         0x38 (size before relaxing)
 .eh_frame      0x000000000011f13c       0x20 binaries/wakeup.o
                                         0x38 (size before relaxing)
 .eh_frame      0x000000000011f15c       0x20 binaries/write.o
                                         0x38 (size before relaxing)
 .eh_frame      0x000000000011f17c       0x20 binaries/xdone.o
                                         0x38 (size before relaxing)
 .eh_frame      0x000000000011f19c       0x20 binaries/yield.o
                                         0x38 (size before relaxing)
 .eh_frame      0x000000000011f1bc       0x20 binaries/abs.o
                                         0x38 (size before relaxing)
 .eh_frame      0x000000000011f1dc       0x20 binaries/atoi.o
                                         0x38 (size before relaxing)
 .eh_frame      0x000000000011f1fc       0x20 binaries/atol.o
                                         0x38 (size before relaxing)
 .eh_frame      0x000000000011f21c       0x20 binaries/bzero.o
                                         0x38 (size before relaxing)
 .eh_frame      0x000000000011f23c       0xe4 binaries/doprnt.o
                                         0xfc (size before relaxing)
 .eh_frame      0x000000000011f320       0xb0 binaries/doscan.o
                                         0xc8 (size before relaxing)
 .eh_frame      0x000000000011f3d0       0xc0 binaries/fdoprnt.o
                                         0xd8 (size before relaxing)
 .eh_frame      0x000000000011f490       0x20 binaries/fgetc.o
                                         0x38 (size before relaxing)
 .eh_frame      0x000000000011f4b0       0x20 binaries/fgets.o
                                         0x38 (size before relaxing)
 .eh_frame      0x000000000011f4d0       0x20 binaries/fprintf.o
                                         0x38 (size before relaxing)
 .eh_frame      0x000000000011f4f0       0x20 binaries/fputc.o
                                         0x38 (size before relaxing)
 .eh_frame      0x000000000011f510       0x20 binaries/fputs.o
                                         0x38 (size before relaxing)
 .eh_frame      0x000000000011f530       0x60 binaries/fscanf.o
                                         0x78 (size before relaxing)
 .eh_frame      0x000000000011f590       0x20 binaries/getchar.o
                                         0x38 (size before relaxing)
 .eh_frame      0x000000000011f5b0       0x20 binaries/labs.o
                                         0x38 (size before relaxing)
 .eh_frame      0x000000000011f5d0       0x20 binaries/memcmp.o
                                         0x38 (size before relaxing)
 .eh_frame      0x000000000011f5f0       0x24 binaries/memcpy.o
                                         0x3c (size before relaxing)
 .eh_frame      0x000000000011f614       0x24 binaries/memset.o
                                         0x3c (size before relaxing)
 .eh_frame      0x000000000011f638       0x20 binaries/printf.o
                                         0x38 (size before relaxing)
 .eh_frame      0x000000000011f658       0x20 binaries/putchar.o
                                         0x38 (size before relaxing)
 .eh_frame      0x000000000011f678       0xa8 binaries/qsort.o
                                         0xc0 (size before relaxing)
 .eh_frame      0x000000000011f720       0x60 binaries/rand.o
                                         0x78 (size before relaxing)
 .eh_frame      0x000000000011f780       0x40 binaries/sprintf.o
                                         0x58 (size before relaxing)
 .eh_frame      0x000000000011f7c0       0x60 binaries/sscanf.o
                                         0x78 (size before relaxing)
 .eh_frame      0x000000000011f820       0x20 binaries/strchr.o
                                         0x38 (size before relaxing)
 .eh_frame      0x000000000011f840       0x20 binaries/strcmp.o
                                         0x38 (size before relaxing)
 .eh_frame      0x000000000011f860       0x20 binaries/strcpy.o
                                         0x38 (size before relaxing)
 .eh_frame      0x000000000011f880       0x20 binaries/strlen.o
                                         0x38 (size before relaxing)
 .eh_frame      0x000000000011f8a0       0x20 binaries/strncat.o
                                         0x38 (size before relaxing)
 .eh_frame      0x000000000011f8c0       0x20 binaries/strncmp.o
                                         0x38 (size before relaxing)
 .eh_frame      0x000000000011f8e0       0x28 binaries/strncpy.o
                                         0x40 (size before relaxing)
 .eh_frame      0x000000000011f908       0x20 binaries/strnlen.o
                                         0x38 (size before relaxing)
 .eh_frame      0x000000000011f928       0x20 binaries/strrchr.o
                                         0x38 (size before relaxing)
 .eh_frame      0x000000000011f948       0x20 binaries/strstr.o
                                         0x38 (size before relaxing)
 .eh_frame      0x000000000011f968       0x20 binaries/ttycontrol.o
                                         0x38 (size before relaxing)
 .eh_frame      0x000000000011f988       0x20 binaries/ttygetc.o
                                         0x38 (size before relaxing)
 .eh_frame      0x000000000011f9a8       0x80 binaries/ttyhandle_in.o
                                         0x98 (size before relaxing)
 .eh_frame      0x000000000011fa28       0x20 binaries/ttyhandle_out.o
                                         0x38 (size before relaxing)
 .eh_frame      0x000000000011fa48       0x20 binaries/ttyhandler.o
                                         0x38 (size before relaxing)
 .eh_frame      0x000000000011fa68       0x20 binaries/ttyinit.o
                                         0x38 (size before relaxing)
 .eh_frame      0x000000000011fa88       0x20 binaries/ttykickout.o
                                         0x38 (size before relaxing)
 .eh_frame      0x000000000011faa8       0x20 binaries/ttyputc.o
                                         0x38 (size before relaxing)
 .eh_frame      0x000000000011fac8       0x28 binaries/ttyread.o
                                         0x40 (size before relaxing)
 .eh_frame      0x000000000011faf0       0x20 binaries/ttywrite.o
                                         0x38 (size before relaxing)
 .eh_frame      0x000000000011fb10       0x40 binaries/mount.o
                                         0x58 (size before relaxing)
 .eh_frame      0x000000000011fb50       0x20 binaries/naminit.o
                                         0x38 (size before relaxing)
 .eh_frame      0x000000000011fb70       0x60 binaries/nammap.o
                                         0x78 (size before relaxing)
 .eh_frame      0x000000000011fbd0       0x20 binaries/namopen.o
                                         0x38 (size before relaxing)
 .eh_frame      0x000000000011fbf0      0x150 binaries/82545EMInit.o
                                        0x168 (size before relaxing)
 .eh_frame      0x000000000011fd40       0xa0 binaries/ethcontrol.o
                                         0xb8 (size before relaxing)
 .eh_frame      0x000000000011fde0       0x80 binaries/ethhandler.o
                                         0x98 (size before relaxing)
 .eh_frame      0x000000000011fe60       0x20 binaries/ethinit.o
                                         0x38 (size before relaxing)
 .eh_frame      0x000000000011fe80       0x60 binaries/ethread.o
                                         0x78 (size before relaxing)
 .eh_frame      0x000000000011fee0       0x60 binaries/ethwrite.o
                                         0x78 (size before relaxing)
 .eh_frame      0x000000000011ff40       0x20 binaries/rdscomm.o
                                         0x38 (size before relaxing)
 .eh_frame      0x000000000011ff60       0x20 binaries/rdscontrol.o
                                         0x38 (size before relaxing)
 .eh_frame      0x000000000011ff80       0x20 binaries/rdsinit.o
                                         0x38 (size before relaxing)
 .eh_frame      0x000000000011ffa0       0x20 binaries/rdsopen.o
                                         0x38 (size before relaxing)
 .eh_frame      0x000000000011ffc0       0x1c binaries/rdsprocess.o
                                         0x34 (size before relaxing)
 .eh_frame      0x000000000011ffdc       0xc0 binaries/rdsqfcns.o
                                         0xd8 (size before relaxing)
 .eh_frame      0x000000000012009c       0x20 binaries/rdsread.o
                                         0x38 (size before relaxing)
 .eh_frame      0x00000000001200bc       0x20 binaries/rdssetprio.o
                                         0x38 (size before relaxing)
 .eh_frame      0x00000000001200dc       0x20 binaries/rdswrite.o
                                         0x38 (size before relaxing)
 .eh_frame      0x00000000001200fc       0x20 binaries/ramclose.o
                                         0x38 (size before relaxing)
 .eh_frame      0x000000000012011c       0x20 binaries/raminit.o
                                         0x38 (size before relaxing)
 .eh_frame      0x000000000012013c       0x20 binaries/ramopen.o
                                         0x38 (size before relaxing)
 .eh_frame      0x000000000012015c       0x20 binaries/ramread.o
                                         0x38 (size before relaxing)
 .eh_frame      0x000000000012017c       0x20 binaries/ramwrite.o
                                         0x38 (size before relaxing)
 .eh_frame      0x000000000012019c       0x20 binaries/lfdballoc.o
                                         0x38 (size before relaxing)
 .eh_frame      0x00000000001201bc       0x20 binaries/lfdbfree.o
                                         0x38 (size before relaxing)
 .eh_frame      0x00000000001201dc       0x20 binaries/lfflush.o
                                         0x38 (size before relaxing)
 .eh_frame      0x00000000001201fc       0x20 binaries/lfgetmode.o
                                         0x38 (size before relaxing)
 .eh_frame      0x000000000012021c       0x20 binaries/lfiballoc.o
                                         0x38 (size before relaxing)
 .eh_frame      0x000000000012023c       0x20 binaries/lfibclear.o
                                         0x38 (size before relaxing)
 .eh_frame      0x000000000012025c       0x20 binaries/lfibget.o
                                         0x38 (size before relaxing)
 .eh_frame      0x000000000012027c       0x20 binaries/lfibput.o
                                         0x38 (size before relaxing)
 .eh_frame      0x000000000012029c       0x20 binaries/lflclose.o
                                         0x38 (size before relaxing)
 .eh_frame      0x00000000001202bc       0x20 binaries/lflcontrol.o
                                         0x38 (size before relaxing)
 .eh_frame      0x00000000001202dc       0x20 binaries/lflgetc.o
                                         0x38 (size before relaxing)
 .eh_frame      0x00000000001202fc       0x20 binaries/lflinit.o
                                         0x38 (size before relaxing)
 .eh_frame      0x000000000012031c       0x20 binaries/lflputc.o
                                         0x38 (size before relaxing)
 .eh_frame      0x000000000012033c       0x20 binaries/lflread.o
                                         0x38 (size before relaxing)
 .eh_frame      0x000000000012035c       0x20 binaries/lflseek.o
                                         0x38 (size before relaxing)
 .eh_frame      0x000000000012037c       0x20 binaries/lflwrite.o
                                         0x38 (size before relaxing)
 .eh_frame      0x000000000012039c       0x20 binaries/lfscheck.o
                                         0x38 (size before relaxing)
 .eh_frame      0x00000000001203bc       0x20 binaries/lfsckfmt.o
                                         0x38 (size before relaxing)
 .eh_frame      0x00000000001203dc       0x20 binaries/lfscreate.o
                                         0x38 (size before relaxing)
 .eh_frame      0x00000000001203fc       0x20 binaries/lfsetup.o
                                         0x38 (size before relaxing)
 .eh_frame      0x000000000012041c       0x20 binaries/lfsinit.o
                                         0x38 (size before relaxing)
 .eh_frame      0x000000000012043c       0x20 binaries/lfsopen.o
                                         0x38 (size before relaxing)
 .eh_frame      0x000000000012045c       0x20 binaries/lftruncate.o
                                         0x38 (size before relaxing)
 .eh_frame      0x000000000012047c       0x20 binaries/rflclose.o
                                         0x38 (size before relaxing)
 .eh_frame      0x000000000012049c       0x20 binaries/rflgetc.o
                                         0x38 (size before relaxing)
 .eh_frame      0x00000000001204bc       0x20 binaries/rflinit.o
                                         0x38 (size before relaxing)
 .eh_frame      0x00000000001204dc       0x20 binaries/rflputc.o
                                         0x38 (size before relaxing)
 .eh_frame      0x00000000001204fc       0x20 binaries/rflread.o
                                         0x38 (size before relaxing)
 .eh_frame      0x000000000012051c       0x20 binaries/rflseek.o
                                         0x38 (size before relaxing)
 .eh_frame      0x000000000012053c       0x20 binaries/rflwrite.o
                                         0x38 (size before relaxing)
 .eh_frame      0x000000000012055c       0x20 binaries/rfscomm.o
                                         0x38 (size before relaxing)
 .eh_frame      0x000000000012057c       0x20 binaries/rfscontrol.o
                                         0x38 (size before relaxing)
 .eh_frame      0x000000000012059c       0x20 binaries/rfsgetmode.o
                                         0x38 (size before relaxing)
 .eh_frame      0x00000000001205bc       0x20 binaries/rfsinit.o
                                         0x38 (size before relaxing)
 .eh_frame      0x00000000001205dc       0x20 binaries/rfsndmsg.o
                                         0x38 (size before relaxing)
 .eh_frame      0x00000000001205fc       0x20 binaries/rfsopen.o
                                         0x38 (size before relaxing)
 .eh_frame      0x000000000012061c       0xc0 binaries/arp.o
                                         0xd8 (size before relaxing)
 .eh_frame      0x00000000001206dc       0xa0 binaries/dhcp.o
                                         0xb8 (size before relaxing)
 .eh_frame      0x000000000012077c       0x80 binaries/dns.o
                                         0x98 (size before relaxing)
 .eh_frame      0x00000000001207fc       0x20 binaries/dot2ip.o
                                         0x38 (size before relaxing)
 .eh_frame      0x000000000012081c       0x40 binaries/hexdump.o
                                         0x58 (size before relaxing)
 .eh_frame      0x000000000012085c      0x150 binaries/icmp.o
                                        0x168 (size before relaxing)
 .eh_frame      0x00000000001209ac      0x11c binaries/ip.o
                                        0x134 (size before relaxing)
 .eh_frame      0x0000000000120ac8       0xa0 binaries/net.o
                                         0xb8 (size before relaxing)
 .eh_frame      0x0000000000120b68       0x60 binaries/pdump.o
                                         0x78 (size before relaxing)
 .eh_frame      0x0000000000120bc8       0x60 binaries/tftp.o
                                         0x78 (size before relaxing)
 .eh_frame      0x0000000000120c28      0x140 binaries/udp.o
                                        0x158 (size before relaxing)
 .eh_frame      0x0000000000120d68       0x20 binaries/addargs.o
                                         0x38 (size before relaxing)
 .eh_frame      0x0000000000120d88       0x20 binaries/lexan.o
                                         0x38 (size before relaxing)
 .eh_frame      0x0000000000120da8       0x20 binaries/shell.o
                                         0x38 (size before relaxing)
 .eh_frame      0x0000000000120dc8       0x20 binaries/xsh_argecho.o
                                         0x38 (size before relaxing)
 .eh_frame      0x0000000000120de8       0x40 binaries/xsh_arp.o
                                         0x58 (size before relaxing)
 .eh_frame      0x0000000000120e28       0x20 binaries/xsh_cat.o
                                         0x38 (size before relaxing)
 .eh_frame      0x0000000000120e48       0x20 binaries/xsh_clear.o
                                         0x38 (size before relaxing)
 .eh_frame      0x0000000000120e68       0x20 binaries/xsh_date.o
                                         0x38 (size before relaxing)
 .eh_frame      0x0000000000120e88       0x20 binaries/xsh_devdump.o
                                         0x38 (size before relaxing)
 .eh_frame      0x0000000000120ea8       0x20 binaries/xsh_echo.o
                                         0x38 (size before relaxing)
 .eh_frame      0x0000000000120ec8       0x20 binaries/xsh_exit.o
                                         0x38 (size before relaxing)
 .eh_frame      0x0000000000120ee8       0x2c binaries/xsh_help.o
                                         0x44 (size before relaxing)
 .eh_frame      0x0000000000120f14       0x20 binaries/xsh_kill.o
                                         0x38 (size before relaxing)
 .eh_frame      0x0000000000120f34       0x2c binaries/xsh_ls.o
                                         0x44 (size before relaxing)
 .eh_frame      0x0000000000120f60       0x40 binaries/xsh_memdump.o
                                         0x58 (size before relaxing)
 .eh_frame      0x0000000000120fa0       0x60 binaries/xsh_memstat.o
                                         0x78 (size before relaxing)
 .eh_frame      0x0000000000121000       0x30 binaries/xsh_netinfo.o
                                         0x48 (size before relaxing)
 .eh_frame      0x0000000000121030       0x30 binaries/xsh_ns.o
                                         0x48 (size before relaxing)
 .eh_frame      0x0000000000121060       0x28 binaries/xsh_ping.o
                                         0x40 (size before relaxing)
 .eh_frame      0x0000000000121088       0x30 binaries/xsh_ps.o
                                         0x48 (size before relaxing)
 .eh_frame      0x00000000001210b8       0x20 binaries/xsh_sleep.o
                                         0x38 (size before relaxing)
 .eh_frame      0x00000000001210d8       0x20 binaries/xsh_udpdump.o
                                         0x38 (size before relaxing)
 .eh_frame      0x00000000001210f8       0x30 binaries/xsh_udpecho.o
                                         0x48 (size before relaxing)
 .eh_frame      0x0000000000121128       0x28 binaries/xsh_udpserver.o
                                         0x40 (size before relaxing)
 .eh_frame      0x0000000000121150       0x20 binaries/xsh_uptime.o
                                         0x38 (size before relaxing)

.iplt           0x0000000000121170        0x0
 .iplt          0x0000000000121170        0x0 binaries/start.o

.rel.dyn        0x0000000000121170        0x0
 .rel.got       0x0000000000121170        0x0 binaries/start.o
 .rel.iplt      0x0000000000121170        0x0 binaries/start.o
 .rel.text      0x0000000000121170        0x0 binaries/start.o

.data           0x0000000000121180      0xe80
                0x0000000000121180                data = ABSOLUTE (.)
 *(.data .data.*)
 .data          0x0000000000121180      0x460 binaries/start.o
                0x0000000000121180                gdt
                0x00000000001211c0                gdtr
                0x00000000001211c6                idt
                0x00000000001215c6                idtr
                0x00000000001215cc                cpudelay
                0x00000000001215d0                _bootdev
                0x00000000001215d4                _cyloffset
[...]
 .comment       0x0000000000000023       0x24 binaries/lexan.o
 .comment       0x0000000000000023       0x24 binaries/shell.o
 .comment       0x0000000000000023       0x24 binaries/xsh_argecho.o
 .comment       0x0000000000000023       0x24 binaries/xsh_arp.o
 .comment       0x0000000000000023       0x24 binaries/xsh_cat.o
 .comment       0x0000000000000023       0x24 binaries/xsh_clear.o
 .comment       0x0000000000000023       0x24 binaries/xsh_date.o
 .comment       0x0000000000000023       0x24 binaries/xsh_devdump.o
 .comment       0x0000000000000023       0x24 binaries/xsh_echo.o
 .comment       0x0000000000000023       0x24 binaries/xsh_exit.o
 .comment       0x0000000000000023       0x24 binaries/xsh_help.o
 .comment       0x0000000000000023       0x24 binaries/xsh_kill.o
 .comment       0x0000000000000023       0x24 binaries/xsh_ls.o
 .comment       0x0000000000000023       0x24 binaries/xsh_memdump.o
 .comment       0x0000000000000023       0x24 binaries/xsh_memstat.o
 .comment       0x0000000000000023       0x24 binaries/xsh_netinfo.o
 .comment       0x0000000000000023       0x24 binaries/xsh_ns.o
 .comment       0x0000000000000023       0x24 binaries/xsh_ping.o
 .comment       0x0000000000000023       0x24 binaries/xsh_ps.o
 .comment       0x0000000000000023       0x24 binaries/xsh_sleep.o
 .comment       0x0000000000000023       0x24 binaries/xsh_udpdump.o
 .comment       0x0000000000000023       0x24 binaries/xsh_udpecho.o
 .comment       0x0000000000000023       0x24 binaries/xsh_udpserver.o
 .comment       0x0000000000000023       0x24 binaries/xsh_uptime.o

.note.GNU-stack
                0x0000000000000000        0x0
 .note.GNU-stack
                0x0000000000000000        0x0 binaries/ascdate.o
 .note.GNU-stack
                0x0000000000000000        0x0 binaries/bufinit.o
 .note.GNU-stack
                0x0000000000000000        0x0 binaries/chprio.o
 .note.GNU-stack
                0x0000000000000000        0x0 binaries/clkhandler.o
 .note.GNU-stack
                0x0000000000000000        0x0 binaries/clkinit.o
 .note.GNU-stack
                0x0000000000000000        0x0 binaries/close.o
 .note.GNU-stack
                0x0000000000000000        0x0 binaries/conf.o
 .note.GNU-stack
                0x0000000000000000        0x0 binaries/control.o
 .note.GNU-stack
                0x0000000000000000        0x0 binaries/control_reg.o
 .note.GNU-stack
                0x0000000000000000        0x0 binaries/create.o
 .note.GNU-stack
                0x0000000000000000        0x0 binaries/evec.o
 .note.GNU-stack
                0x0000000000000000        0x0 binaries/exit.o
 .note.GNU-stack
                0x0000000000000000        0x0 binaries/freebuf.o
 .note.GNU-stack
                0x0000000000000000        0x0 binaries/freemem.o
 .note.GNU-stack
                0x0000000000000000        0x0 binaries/getbuf.o
 .note.GNU-stack
                0x0000000000000000        0x0 binaries/getc.o
 .note.GNU-stack
                0x0000000000000000        0x0 binaries/getdev.o
 .note.GNU-stack
                0x0000000000000000        0x0 binaries/getitem.o
 .note.GNU-stack
                0x0000000000000000        0x0 binaries/getmem.o
 .note.GNU-stack
                0x0000000000000000        0x0 binaries/getpid.o
 .note.GNU-stack
                0x0000000000000000        0x0 binaries/getprio.o
 .note.GNU-stack
                0x0000000000000000        0x0 binaries/getstk.o
 .note.GNU-stack
                0x0000000000000000        0x0 binaries/getticks.o
 .note.GNU-stack
                0x0000000000000000        0x0 binaries/gettime.o
 .note.GNU-stack
                0x0000000000000000        0x0 binaries/getutime.o
 .note.GNU-stack
                0x0000000000000000        0x0 binaries/helper_functions.o
 .note.GNU-stack
                0x0000000000000000        0x0 binaries/i386.o
 .note.GNU-stack
                0x0000000000000000        0x0 binaries/init.o
 .note.GNU-stack
                0x0000000000000000        0x0 binaries/initialize.o
 .note.GNU-stack
                0x0000000000000000        0x0 binaries/insert.o
 .note.GNU-stack
                0x0000000000000000        0x0 binaries/insertd.o
 .note.GNU-stack
                0x0000000000000000        0x0 binaries/ioerr.o
 .note.GNU-stack
                0x0000000000000000        0x0 binaries/ionull.o
 .note.GNU-stack
                0x0000000000000000        0x0 binaries/kill.o
 .note.GNU-stack
                0x0000000000000000        0x0 binaries/kprintf.o
 .note.GNU-stack
                0x0000000000000000        0x0 binaries/main.o
 .note.GNU-stack
                0x0000000000000000        0x0 binaries/mark.o
 .note.GNU-stack
                0x0000000000000000        0x0 binaries/meminit.o
 .note.GNU-stack
                0x0000000000000000        0x0 binaries/mkbufpool.o
 .note.GNU-stack
                0x0000000000000000        0x0 binaries/newqueue.o
 .note.GNU-stack
                0x0000000000000000        0x0 binaries/open.o
 .note.GNU-stack
                0x0000000000000000        0x0 binaries/pagefault_handler.o
 .note.GNU-stack
                0x0000000000000000        0x0 binaries/panic.o
 .note.GNU-stack
                0x0000000000000000        0x0 binaries/pci.o
 .note.GNU-stack
                0x0000000000000000        0x0 binaries/ptclear.o
 .note.GNU-stack
                0x0000000000000000        0x0 binaries/ptcount.o
 .note.GNU-stack
                0x0000000000000000        0x0 binaries/ptcreate.o
 .note.GNU-stack
                0x0000000000000000        0x0 binaries/ptdelete.o
 .note.GNU-stack
                0x0000000000000000        0x0 binaries/ptinit.o
 .note.GNU-stack
                0x0000000000000000        0x0 binaries/ptrecv.o
 .note.GNU-stack
                0x0000000000000000        0x0 binaries/ptreset.o
 .note.GNU-stack
                0x0000000000000000        0x0 binaries/ptsend.o
 .note.GNU-stack
                0x0000000000000000        0x0 binaries/putc.o
 .note.GNU-stack
                0x0000000000000000        0x0 binaries/queue.o
 .note.GNU-stack
                0x0000000000000000        0x0 binaries/read.o
 .note.GNU-stack
                0x0000000000000000        0x0 binaries/ready.o
 .note.GNU-stack
                0x0000000000000000        0x0 binaries/receive.o
 .note.GNU-stack
                0x0000000000000000        0x0 binaries/recvclr.o
 .note.GNU-stack
                0x0000000000000000        0x0 binaries/recvtime.o
 .note.GNU-stack
                0x0000000000000000        0x0 binaries/resched.o
 .note.GNU-stack
                0x0000000000000000        0x0 binaries/resume.o
 .note.GNU-stack
                0x0000000000000000        0x0 binaries/seek.o
 .note.GNU-stack
                0x0000000000000000        0x0 binaries/semcount.o
 .note.GNU-stack
                0x0000000000000000        0x0 binaries/semcreate.o
 .note.GNU-stack
                0x0000000000000000        0x0 binaries/semdelete.o
 .note.GNU-stack
                0x0000000000000000        0x0 binaries/semreset.o
 .note.GNU-stack
                0x0000000000000000        0x0 binaries/send.o
 .note.GNU-stack
                0x0000000000000000        0x0 binaries/signal.o
 .note.GNU-stack
                0x0000000000000000        0x0 binaries/signaln.o
 .note.GNU-stack
                0x0000000000000000        0x0 binaries/sleep.o
 .note.GNU-stack
                0x0000000000000000        0x0 binaries/stacktrace.o
 .note.GNU-stack
                0x0000000000000000        0x0 binaries/suspend.o
 .note.GNU-stack
                0x0000000000000000        0x0 binaries/unsleep.o
 .note.GNU-stack
                0x0000000000000000        0x0 binaries/userret.o
 .note.GNU-stack
                0x0000000000000000        0x0 binaries/vcreate.o
 .note.GNU-stack
                0x0000000000000000        0x0 binaries/vfree.o
 .note.GNU-stack
                0x0000000000000000        0x0 binaries/vmalloc.o
 .note.GNU-stack
                0x0000000000000000        0x0 binaries/wait.o
 .note.GNU-stack
                0x0000000000000000        0x0 binaries/wakeup.o
 .note.GNU-stack
                0x0000000000000000        0x0 binaries/write.o
 .note.GNU-stack
                0x0000000000000000        0x0 binaries/xdone.o
 .note.GNU-stack
                0x0000000000000000        0x0 binaries/yield.o
 .note.GNU-stack
                0x0000000000000000        0x0 binaries/abs.o
 .note.GNU-stack
                0x0000000000000000        0x0 binaries/atoi.o
 .note.GNU-stack
                0x0000000000000000        0x0 binaries/atol.o
 .note.GNU-stack
                0x0000000000000000        0x0 binaries/bzero.o
 .note.GNU-stack
                0x0000000000000000        0x0 binaries/ctype_.o
 .note.GNU-stack
                0x0000000000000000        0x0 binaries/doprnt.o
 .note.GNU-stack
                0x0000000000000000        0x0 binaries/doscan.o
 .note.GNU-stack
                0x0000000000000000        0x0 binaries/fdoprnt.o
 .note.GNU-stack
                0x0000000000000000        0x0 binaries/fgetc.o
 .note.GNU-stack
                0x0000000000000000        0x0 binaries/fgets.o
 .note.GNU-stack
                0x0000000000000000        0x0 binaries/fprintf.o
 .note.GNU-stack
                0x0000000000000000        0x0 binaries/fputc.o
 .note.GNU-stack
                0x0000000000000000        0x0 binaries/fputs.o
 .note.GNU-stack
                0x0000000000000000        0x0 binaries/fscanf.o
 .note.GNU-stack
                0x0000000000000000        0x0 binaries/getchar.o
 .note.GNU-stack
                0x0000000000000000        0x0 binaries/labs.o
 .note.GNU-stack
                0x0000000000000000        0x0 binaries/memcmp.o
 .note.GNU-stack
                0x0000000000000000        0x0 binaries/memcpy.o
 .note.GNU-stack
                0x0000000000000000        0x0 binaries/memset.o
 .note.GNU-stack
                0x0000000000000000        0x0 binaries/printf.o
 .note.GNU-stack
                0x0000000000000000        0x0 binaries/putchar.o
 .note.GNU-stack
                0x0000000000000000        0x0 binaries/qsort.o
 .note.GNU-stack
                0x0000000000000000        0x0 binaries/rand.o
 .note.GNU-stack
                0x0000000000000000        0x0 binaries/sprintf.o
 .note.GNU-stack
                0x0000000000000000        0x0 binaries/sscanf.o
 .note.GNU-stack
                0x0000000000000000        0x0 binaries/strchr.o
 .note.GNU-stack
                0x0000000000000000        0x0 binaries/strcmp.o
 .note.GNU-stack
                0x0000000000000000        0x0 binaries/strcpy.o
 .note.GNU-stack
                0x0000000000000000        0x0 binaries/strlen.o
 .note.GNU-stack
                0x0000000000000000        0x0 binaries/strncat.o
 .note.GNU-stack
                0x0000000000000000        0x0 binaries/strncmp.o
 .note.GNU-stack
                0x0000000000000000        0x0 binaries/strncpy.o
 .note.GNU-stack
                0x0000000000000000        0x0 binaries/strnlen.o
 .note.GNU-stack
                0x0000000000000000        0x0 binaries/strrchr.o
 .note.GNU-stack
                0x0000000000000000        0x0 binaries/strstr.o
 .note.GNU-stack
                0x0000000000000000        0x0 binaries/ttycontrol.o
 .note.GNU-stack
                0x0000000000000000        0x0 binaries/ttygetc.o
 .note.GNU-stack
                0x0000000000000000        0x0 binaries/ttyhandle_in.o
 .note.GNU-stack
                0x0000000000000000        0x0 binaries/ttyhandle_out.o
 .note.GNU-stack
                0x0000000000000000        0x0 binaries/ttyhandler.o
 .note.GNU-stack
                0x0000000000000000        0x0 binaries/ttyinit.o
 .note.GNU-stack
                0x0000000000000000        0x0 binaries/ttykickout.o
 .note.GNU-stack
                0x0000000000000000        0x0 binaries/ttyputc.o
 .note.GNU-stack
                0x0000000000000000        0x0 binaries/ttyread.o
 .note.GNU-stack
                0x0000000000000000        0x0 binaries/ttywrite.o
 .note.GNU-stack
                0x0000000000000000        0x0 binaries/mount.o
 .note.GNU-stack
                0x0000000000000000        0x0 binaries/naminit.o
 .note.GNU-stack
                0x0000000000000000        0x0 binaries/nammap.o
 .note.GNU-stack
                0x0000000000000000        0x0 binaries/namopen.o
 .note.GNU-stack
                0x0000000000000000        0x0 binaries/82545EMInit.o
 .note.GNU-stack
                0x0000000000000000        0x0 binaries/ethcontrol.o
 .note.GNU-stack
                0x0000000000000000        0x0 binaries/ethhandler.o
 .note.GNU-stack
                0x0000000000000000        0x0 binaries/ethinit.o
 .note.GNU-stack
                0x0000000000000000        0x0 binaries/ethread.o
 .note.GNU-stack
                0x0000000000000000        0x0 binaries/ethwrite.o
 .note.GNU-stack
                0x0000000000000000        0x0 binaries/rdscomm.o
 .note.GNU-stack
                0x0000000000000000        0x0 binaries/rdscontrol.o
 .note.GNU-stack
                0x0000000000000000        0x0 binaries/rdsinit.o
 .note.GNU-stack
                0x0000000000000000        0x0 binaries/rdsopen.o
 .note.GNU-stack
                0x0000000000000000        0x0 binaries/rdsprocess.o
 .note.GNU-stack
                0x0000000000000000        0x0 binaries/rdsqfcns.o
 .note.GNU-stack
                0x0000000000000000        0x0 binaries/rdsread.o
 .note.GNU-stack
                0x0000000000000000        0x0 binaries/rdssetprio.o
 .note.GNU-stack
                0x0000000000000000        0x0 binaries/rdswrite.o
 .note.GNU-stack
                0x0000000000000000        0x0 binaries/ramclose.o
 .note.GNU-stack
                0x0000000000000000        0x0 binaries/raminit.o
 .note.GNU-stack
                0x0000000000000000        0x0 binaries/ramopen.o
 .note.GNU-stack
                0x0000000000000000        0x0 binaries/ramread.o
 .note.GNU-stack
                0x0000000000000000        0x0 binaries/ramwrite.o
 .note.GNU-stack
                0x0000000000000000        0x0 binaries/lfdballoc.o
 .note.GNU-stack
                0x0000000000000000        0x0 binaries/lfdbfree.o
 .note.GNU-stack
                0x0000000000000000        0x0 binaries/lfflush.o
 .note.GNU-stack
                0x0000000000000000        0x0 binaries/lfgetmode.o
 .note.GNU-stack
                0x0000000000000000        0x0 binaries/lfiballoc.o
 .note.GNU-stack
                0x0000000000000000        0x0 binaries/lfibclear.o
 .note.GNU-stack
                0x0000000000000000        0x0 binaries/lfibget.o
 .note.GNU-stack
                0x0000000000000000        0x0 binaries/lfibput.o
 .note.GNU-stack
                0x0000000000000000        0x0 binaries/lflclose.o
 .note.GNU-stack
                0x0000000000000000        0x0 binaries/lflcontrol.o
 .note.GNU-stack
                0x0000000000000000        0x0 binaries/lflgetc.o
 .note.GNU-stack
                0x0000000000000000        0x0 binaries/lflinit.o
 .note.GNU-stack
                0x0000000000000000        0x0 binaries/lflputc.o
 .note.GNU-stack
                0x0000000000000000        0x0 binaries/lflread.o
 .note.GNU-stack
                0x0000000000000000        0x0 binaries/lflseek.o
 .note.GNU-stack
                0x0000000000000000        0x0 binaries/lflwrite.o
 .note.GNU-stack
                0x0000000000000000        0x0 binaries/lfscheck.o
 .note.GNU-stack
                0x0000000000000000        0x0 binaries/lfsckfmt.o
 .note.GNU-stack
                0x0000000000000000        0x0 binaries/lfscreate.o
 .note.GNU-stack
                0x0000000000000000        0x0 binaries/lfsetup.o
 .note.GNU-stack
                0x0000000000000000        0x0 binaries/lfsinit.o
 .note.GNU-stack
                0x0000000000000000        0x0 binaries/lfsopen.o
 .note.GNU-stack
                0x0000000000000000        0x0 binaries/lftruncate.o
 .note.GNU-stack
                0x0000000000000000        0x0 binaries/rflclose.o
 .note.GNU-stack
                0x0000000000000000        0x0 binaries/rflgetc.o
 .note.GNU-stack
                0x0000000000000000        0x0 binaries/rflinit.o
 .note.GNU-stack
                0x0000000000000000        0x0 binaries/rflputc.o
 .note.GNU-stack
                0x0000000000000000        0x0 binaries/rflread.o
 .note.GNU-stack
                0x0000000000000000        0x0 binaries/rflseek.o
 .note.GNU-stack
                0x0000000000000000        0x0 binaries/rflwrite.o
 .note.GNU-stack
                0x0000000000000000        0x0 binaries/rfscomm.o
 .note.GNU-stack
                0x0000000000000000        0x0 binaries/rfscontrol.o
 .note.GNU-stack
                0x0000000000000000        0x0 binaries/rfsgetmode.o
 .note.GNU-stack
                0x0000000000000000        0x0 binaries/rfsinit.o
 .note.GNU-stack
                0x0000000000000000        0x0 binaries/rfsndmsg.o
 .note.GNU-stack
                0x0000000000000000        0x0 binaries/rfsopen.o
 .note.GNU-stack
                0x0000000000000000        0x0 binaries/arp.o
 .note.GNU-stack
                0x0000000000000000        0x0 binaries/dhcp.o
 .note.GNU-stack
                0x0000000000000000        0x0 binaries/dns.o
 .note.GNU-stack
                0x0000000000000000        0x0 binaries/dot2ip.o
 .note.GNU-stack
                0x0000000000000000        0x0 binaries/hexdump.o
 .note.GNU-stack
                0x0000000000000000        0x0 binaries/icmp.o
 .note.GNU-stack
                0x0000000000000000        0x0 binaries/ip.o
 .note.GNU-stack
                0x0000000000000000        0x0 binaries/net.o
 .note.GNU-stack
                0x0000000000000000        0x0 binaries/pdump.o
 .note.GNU-stack
                0x0000000000000000        0x0 binaries/tftp.o
 .note.GNU-stack
                0x0000000000000000        0x0 binaries/udp.o
 .note.GNU-stack
                0x0000000000000000        0x0 binaries/addargs.o
 .note.GNU-stack
                0x0000000000000000        0x0 binaries/lexan.o
 .note.GNU-stack
                0x0000000000000000        0x0 binaries/shell.o
 .note.GNU-stack
                0x0000000000000000        0x0 binaries/xsh_argecho.o
 .note.GNU-stack
                0x0000000000000000        0x0 binaries/xsh_arp.o
 .note.GNU-stack
                0x0000000000000000        0x0 binaries/xsh_cat.o
 .note.GNU-stack
                0x0000000000000000        0x0 binaries/xsh_clear.o
 .note.GNU-stack
                0x0000000000000000        0x0 binaries/xsh_date.o
 .note.GNU-stack
                0x0000000000000000        0x0 binaries/xsh_devdump.o
 .note.GNU-stack
                0x0000000000000000        0x0 binaries/xsh_echo.o
 .note.GNU-stack
                0x0000000000000000        0x0 binaries/xsh_exit.o
 .note.GNU-stack
                0x0000000000000000        0x0 binaries/xsh_help.o
 .note.GNU-stack
                0x0000000000000000        0x0 binaries/xsh_kill.o
 .note.GNU-stack
                0x0000000000000000        0x0 binaries/xsh_ls.o
 .note.GNU-stack
                0x0000000000000000        0x0 binaries/xsh_memdump.o
 .note.GNU-stack
                0x0000000000000000        0x0 binaries/xsh_memstat.o
 .note.GNU-stack
                0x0000000000000000        0x0 binaries/xsh_netinfo.o
 .note.GNU-stack
                0x0000000000000000        0x0 binaries/xsh_ns.o
 .note.GNU-stack
                0x0000000000000000        0x0 binaries/xsh_ping.o
 .note.GNU-stack
                0x0000000000000000        0x0 binaries/xsh_ps.o
 .note.GNU-stack
                0x0000000000000000        0x0 binaries/xsh_sleep.o
 .note.GNU-stack
                0x0000000000000000        0x0 binaries/xsh_udpdump.o
 .note.GNU-stack
                0x0000000000000000        0x0 binaries/xsh_udpecho.o
 .note.GNU-stack
                0x0000000000000000        0x0 binaries/xsh_udpserver.o
 .note.GNU-stack
                0x0000000000000000        0x0 binaries/xsh_uptime.o
