
Allocating common symbols
Common symbol       size              file

netbufpool          0x4               binaries/net.o
tmp                 0x4               binaries/control_reg.o
readylist           0x2               binaries/ready.o
rfltab              0x5a0             binaries/rflinit.o
netportseed         0x8               binaries/net.o
sleepq              0x2               binaries/clkinit.o
page_in_use         0x2000            binaries/helper_functions.o
nnames              0x4               binaries/naminit.o
udptab              0x168             binaries/udp.o
minheap             0x4               binaries/meminit.o
marks               0x50              binaries/mark.o
currpid             0x4               binaries/initialize.o
Lf_data             0x20c             binaries/lfsinit.o
porttab             0x2d0             binaries/ptinit.o
girmask             0x2               binaries/evec.o
ttytab              0x110             binaries/ttyinit.o
proctab             0x1f40            binaries/initialize.o
prcount             0x4               binaries/initialize.o
lfltab              0xf00             binaries/lflinit.o
rdstab              0x7c              binaries/rdsinit.o
ethertab            0x130             binaries/ethinit.o
NetData             0xb0              binaries/net.o
ffs_in_use          0x4000            binaries/helper_functions.o
nmarks              0x4               binaries/mark.o
initsp              0x4               binaries/i386.o
Defer               0x8               binaries/resched.o
semtab              0x4b0             binaries/initialize.o
maxheap             0x4               binaries/meminit.o
preempt             0x4               binaries/clkinit.o
buftab              0xf0              binaries/bufinit.o
Rf_data             0x18              binaries/rfsinit.o
mkmutex             0x4               binaries/mark.o
clktime             0x4               binaries/clkinit.o
arpcache            0x140             binaries/arp.o
icmptab             0x230             binaries/icmp.o
nbpools             0x4               binaries/bufinit.o
queuetab            0x980             binaries/queue.o
kernels_directory   0x4               binaries/helper_functions.o
ptnextid            0x4               binaries/ptinit.o
Ram                 0x19000           binaries/raminit.o
ss_in_use           0x8000            binaries/helper_functions.o
ipoqueue            0x2c              binaries/ip.o
memlist             0x8               binaries/initialize.o
nametab             0x5200            binaries/naminit.o
ptfree              0x4               binaries/ptinit.o

Memory Configuration

Name             Origin             Length             Attributes
*default*        0x0000000000000000 0xffffffffffffffff

Linker script and memory map

                0x0000000000100000                physbase = 0x100000
                0x0000000000100000                . = physbase
                0x0000000000100000                . = ALIGN (0x1000)

.text           0x0000000000100000    0x1e000
                0x0000000000100000                text = ABSOLUTE (.)
 *(.text .text.*)
 .text          0x0000000000100000      0x165 binaries/start.o
                0x0000000000100020                entry
                0x000000000010003d                start
                0x00000000001000a5                inb
                0x00000000001000ad                inw
                0x00000000001000b6                inl
                0x00000000001000be                outb
                0x00000000001000c8                outw
                0x00000000001000d3                outl
                0x00000000001000dd                _rtcin
                0x00000000001000e8                ___udivsi3
                0x00000000001000f3                ___divsi3
                0x00000000001000ff                sbzero
                0x000000000010010f                bcopy
                0x0000000000100123                insw
                0x0000000000100139                outsw
                0x000000000010014f                lidt
                0x0000000000100157                jumptocode
                0x000000000010015e                jumptobootcode
 .text          0x0000000000100165      0x405 binaries/ascdate.o
                0x0000000000100165                ascdate
 .text          0x000000000010056a       0x14 binaries/bufinit.o
                0x000000000010056a                bufinit
 .text          0x000000000010057e       0x87 binaries/chprio.o
                0x000000000010057e                chprio
 .text          0x0000000000100605       0x96 binaries/clkhandler.o
                0x0000000000100605                clkhandler
 .text          0x000000000010069b       0x89 binaries/clkinit.o
                0x000000000010069b                clkinit
 .text          0x0000000000100724       0x6a binaries/close.o
                0x0000000000100724                close
 .text          0x000000000010078e        0x0 binaries/conf.o
 .text          0x000000000010078e       0x7f binaries/control.o
                0x000000000010078e                control
 .text          0x000000000010080d      0x169 binaries/control_reg.o
                0x000000000010080d                read_cr0
                0x000000000010083d                read_cr2
                0x000000000010086d                read_cr3
                0x000000000010089d                read_cr4
                0x00000000001008cd                write_cr0
                0x00000000001008fa                write_cr3
                0x0000000000100927                write_cr4
                0x0000000000100954                enable_paging
 .text          0x0000000000100976      0x2b9 binaries/create.o
                0x0000000000100976                create
                0x0000000000100bc1                newpid
 .text          0x0000000000100c2f      0x365 binaries/evec.o
                0x0000000000100c2f                initevec
                0x0000000000100c85                set_evec
                0x0000000000100d27                trap
 .text          0x0000000000100f94       0x15 binaries/exit.o
                0x0000000000100f94                exit
 .text          0x0000000000100fa9       0x82 binaries/freebuf.o
                0x0000000000100fa9                freebuf
 .text          0x000000000010102b      0x167 binaries/freemem.o
                0x000000000010102b                freemem
 .text          0x0000000000101192       0x80 binaries/getbuf.o
                0x0000000000101192                getbuf
 .text          0x0000000000101212       0x6a binaries/getc.o
                0x0000000000101212                getc
 .text          0x000000000010127c       0x72 binaries/getdev.o
                0x000000000010127c                getdev
 .text          0x00000000001012ee       0xc8 binaries/getitem.o
                0x00000000001012ee                getfirst
                0x000000000010132f                getlast
                0x0000000000101372                getitem
 .text          0x00000000001013b6       0xfb binaries/getmem.o
                0x00000000001013b6                getmem
 .text          0x00000000001014b1        0xa binaries/getpid.o
                0x00000000001014b1                getpid
 .text          0x00000000001014bb       0x6f binaries/getprio.o
                0x00000000001014bb                getprio
 .text          0x000000000010152a       0xf2 binaries/getstk.o
                0x000000000010152a                getstk
 .text          0x000000000010161c       0x16 binaries/getticks.o
                0x000000000010161c                getticks
 .text          0x0000000000101632       0x36 binaries/gettime.o
                0x0000000000101632                gettime
 .text          0x0000000000101668      0x1f5 binaries/getutime.o
                0x0000000000101668                getutime
 .text          0x000000000010185d     0x125c binaries/helper_functions.o
                0x000000000010185d                get_next_free_page
                0x00000000001018ac                page_table_init
                0x0000000000101a5c                alloc_new_pd
                0x0000000000101ac6                init_heap
                0x0000000000101b20                reservespace
                0x0000000000101c74                freeffsframe
                0x0000000000101ca9                free_page_frame
                0x0000000000101cde                create_help
                0x00000000001021e9                vcreate
                0x00000000001022a9                vmalloc
                0x0000000000102446                vfree
                0x0000000000102791                free_ffs_pages
                0x00000000001027c9                used_ffs_frames
                0x00000000001028a6                allocated_virtual_pages
                0x00000000001028bf                new_ffs_frame
                0x0000000000102907                dump_pd
                0x0000000000102972                dump_pt
 .text          0x0000000000102ab9      0x410 binaries/i386.o
                0x0000000000102ab9                setsegs
                0x0000000000102bd7                init8259
                0x0000000000102cac                pseg
                0x0000000000102e6f                setirmask
 .text          0x0000000000102ec9       0x6a binaries/init.o
                0x0000000000102ec9                init
 .text          0x0000000000102f33      0x420 binaries/initialize.o
                0x0000000000102f33                nulluser
                0x00000000001032fe                stop
                0x0000000000103325                delay
 .text          0x0000000000103353       0xda binaries/insert.o
                0x0000000000103353                insert
 .text          0x000000000010342d      0x10c binaries/insertd.o
                0x000000000010342d                insertd
 .text          0x0000000000103539        0xa binaries/ioerr.o
                0x0000000000103539                ioerr
 .text          0x0000000000103543        0xa binaries/ionull.o
                0x0000000000103543                ionull
 .text          0x000000000010354d      0x2b1 binaries/kill.o
                0x000000000010354d                kill
 .text          0x00000000001037fe      0x17b binaries/kprintf.o
                0x00000000001037fe                kputc
                0x00000000001038a7                kgetc
                0x000000000010394c                kprintf
 .text          0x0000000000103979      0x6cb binaries/main.o
                0x0000000000103979                sync_printf
                0x0000000000103a26                process_info
                0x0000000000103a72                empty_process
                0x0000000000103a8c                vmalloc_process
                0x0000000000103d72                vmalloc_process2
                0x0000000000103f74                main
 .text          0x0000000000104044       0xac binaries/mark.o
                0x0000000000104044                markinit
                0x0000000000104067                mark
 .text          0x00000000001040f0       0xc0 binaries/meminit.o
                0x00000000001040f0                meminit
 .text          0x00000000001041b0      0x15f binaries/mkbufpool.o
                0x00000000001041b0                mkbufpool
 .text          0x000000000010430f       0x94 binaries/newqueue.o
                0x000000000010430f                newqueue
 .text          0x00000000001043a3       0x78 binaries/open.o
                0x00000000001043a3                open
 .text          0x000000000010441b      0x236 binaries/pagefault_handler.o
                0x000000000010441b                pagefault_handler
 .text          0x0000000000104651       0x20 binaries/panic.o
                0x0000000000104651                panic
 .text          0x0000000000104671      0x498 binaries/pci.o
                0x0000000000104671                pci_init
                0x000000000010493d                find_pci_device
                0x000000000010498b                pci_bios_read_config_byte
                0x00000000001049ca                pci_bios_read_config_word
                0x0000000000104a0c                pci_bios_read_config_dword
                0x0000000000104a4b                pci_bios_write_config_byte
                0x0000000000104a8c                pci_bios_write_config_word
                0x0000000000104ace                pci_bios_write_config_dword
 .text          0x0000000000104b09       0xe6 binaries/ptclear.o
                0x0000000000104b09                _ptclear
 .text          0x0000000000104bef       0x8f binaries/ptcount.o
                0x0000000000104bef                ptcount
 .text          0x0000000000104c7e      0x105 binaries/ptcreate.o
                0x0000000000104c7e                ptcreate
 .text          0x0000000000104d83       0x80 binaries/ptdelete.o
                0x0000000000104d83                ptdelete
 .text          0x0000000000104e03       0xb7 binaries/ptinit.o
                0x0000000000104e03                ptinit
 .text          0x0000000000104eba      0x10a binaries/ptrecv.o
                0x0000000000104eba                ptrecv
 .text          0x0000000000104fc4       0x78 binaries/ptreset.o
                0x0000000000104fc4                ptreset
 .text          0x000000000010503c      0x128 binaries/ptsend.o
                0x000000000010503c                ptsend
 .text          0x0000000000105164       0x78 binaries/putc.o
                0x0000000000105164                putc
 .text          0x00000000001051dc      0x109 binaries/queue.o
                0x00000000001051dc                enqueue
                0x000000000010527c                dequeue
 .text          0x00000000001052e5       0x78 binaries/read.o
                0x00000000001052e5                read
 .text          0x000000000010535d       0x7c binaries/ready.o
                0x000000000010535d                ready
 .text          0x00000000001053d9       0x5d binaries/receive.o
                0x00000000001053d9                receive
 .text          0x0000000000105436       0x59 binaries/recvclr.o
                0x0000000000105436                recvclr
 .text          0x000000000010548f       0xb8 binaries/recvtime.o
                0x000000000010548f                recvtime
 .text          0x0000000000105547      0x165 binaries/resched.o
                0x0000000000105547                resched
                0x0000000000105637                resched_cntl
 .text          0x00000000001056ac       0x9e binaries/resume.o
                0x00000000001056ac                resume
 .text          0x000000000010574a       0x71 binaries/seek.o
                0x000000000010574a                seek
 .text          0x00000000001057bb       0x69 binaries/semcount.o
                0x00000000001057bb                semcount
 .text          0x0000000000105824       0xcf binaries/semcreate.o
                0x0000000000105824                semcreate
 .text          0x00000000001058f3       0xba binaries/semdelete.o
                0x00000000001058f3                semdelete
 .text          0x00000000001059ad       0xbc binaries/semreset.o
                0x00000000001059ad                semreset
 .text          0x0000000000105a69       0xd4 binaries/send.o
                0x0000000000105a69                send
 .text          0x0000000000105b3d       0x97 binaries/signal.o
                0x0000000000105b3d                signal
 .text          0x0000000000105bd4       0xc3 binaries/signaln.o
                0x0000000000105bd4                signaln
 .text          0x0000000000105c97       0xe3 binaries/sleep.o
                0x0000000000105c97                sleep
                0x0000000000105ce1                sleepms
 .text          0x0000000000105d7a      0x1ab binaries/stacktrace.o
                0x0000000000105d7a                stacktrace
 .text          0x0000000000105f25       0xd4 binaries/suspend.o
                0x0000000000105f25                suspend
 .text          0x0000000000105ff9       0xd6 binaries/unsleep.o
                0x0000000000105ff9                unsleep
 .text          0x00000000001060cf       0x15 binaries/userret.o
                0x00000000001060cf                userret
 .text          0x00000000001060e4        0x0 binaries/vcreate.o
 .text          0x00000000001060e4        0x0 binaries/vfree.o
 .text          0x00000000001060e4        0x0 binaries/vmalloc.o
 .text          0x00000000001060e4       0xd1 binaries/wait.o
                0x00000000001060e4                wait
 .text          0x00000000001061b5       0x68 binaries/wakeup.o
                0x00000000001061b5                wakeup
 .text          0x000000000010621d       0x78 binaries/write.o
                0x000000000010621d                write
 .text          0x0000000000106295       0x19 binaries/xdone.o
                0x0000000000106295                xdone
 .text          0x00000000001062ae       0x25 binaries/yield.o
                0x00000000001062ae                yield
 .text          0x00000000001062d3       0x11 binaries/abs.o
                0x00000000001062d3                abs
 .text          0x00000000001062e4       0x8f binaries/atoi.o
                0x00000000001062e4                atoi
 .text          0x0000000000106373       0x8f binaries/atol.o
                0x0000000000106373                atol
 .text          0x0000000000106402       0x31 binaries/bzero.o
                0x0000000000106402                bzero
 .text          0x0000000000106433        0x0 binaries/ctype_.o
 .text          0x0000000000106433      0x8f8 binaries/doprnt.o
                0x0000000000106433                _doprnt
 .text          0x0000000000106d2b      0x6a2 binaries/doscan.o
                0x0000000000106d2b                _doscan
 .text          0x00000000001073cd      0x723 binaries/fdoprnt.o
                0x00000000001073cd                _fdoprnt
 .text          0x0000000000107af0       0x26 binaries/fgetc.o
                0x0000000000107af0                fgetc
 .text          0x0000000000107b16       0x72 binaries/fgets.o
                0x0000000000107b16                fgets
 .text          0x0000000000107b88       0x34 binaries/fprintf.o
                0x0000000000107b88                fprintf
 .text          0x0000000000107bbc       0x2c binaries/fputc.o
                0x0000000000107bbc                fputc
 .text          0x0000000000107be8       0x43 binaries/fputs.o
                0x0000000000107be8                fputs
 .text          0x0000000000107c2b       0x92 binaries/fscanf.o
                0x0000000000107c2b                fscanf
 .text          0x0000000000107cbd       0x2a binaries/getchar.o
                0x0000000000107cbd                getchar
 .text          0x0000000000107ce7       0x11 binaries/labs.o
                0x0000000000107ce7                labs
 .text          0x0000000000107cf8       0x51 binaries/memcmp.o
                0x0000000000107cf8                memcmp
 .text          0x0000000000107d49       0x3f binaries/memcpy.o
                0x0000000000107d49                memcpy
 .text          0x0000000000107d88       0x30 binaries/memset.o
                0x0000000000107d88                memset
 .text          0x0000000000107db8       0x4d binaries/printf.o
                0x0000000000107db8                printf
 .text          0x0000000000107e05       0x31 binaries/putchar.o
                0x0000000000107e05                putchar
 .text          0x0000000000107e36      0x28c binaries/qsort.o
                0x0000000000107e36                qsort
 .text          0x00000000001080c2       0x5f binaries/rand.o
                0x00000000001080c2                rand
                0x00000000001080d6                rand_r
                0x0000000000108114                srand
 .text          0x0000000000108121       0x6f binaries/sprintf.o
                0x0000000000108121                sprintf
 .text          0x0000000000108190       0x7f binaries/sscanf.o
                0x0000000000108190                sscanf
 .text          0x000000000010820f       0x3c binaries/strchr.o
                0x000000000010820f                strchr
 .text          0x000000000010824b       0x45 binaries/strcmp.o
                0x000000000010824b                strcmp
 .text          0x0000000000108290       0x27 binaries/strcpy.o
                0x0000000000108290                strcpy
 .text          0x00000000001082b7       0x26 binaries/strlen.o
                0x00000000001082b7                strlen
 .text          0x00000000001082dd       0x56 binaries/strncat.o
                0x00000000001082dd                strncat
 .text          0x0000000000108333       0x5e binaries/strncmp.o
                0x0000000000108333                strncmp
 .text          0x0000000000108391       0x4f binaries/strncpy.o
                0x0000000000108391                strncpy
 .text          0x00000000001083e0       0x2e binaries/strnlen.o
                0x00000000001083e0                strnlen
 .text          0x000000000010840e       0x45 binaries/strrchr.o
                0x000000000010840e                strrchr
 .text          0x0000000000108453       0x6d binaries/strstr.o
                0x0000000000108453                strstr
 .text          0x00000000001084c0       0xd8 binaries/ttycontrol.o
                0x00000000001084c0                ttycontrol
 .text          0x0000000000108598       0x93 binaries/ttygetc.o
                0x0000000000108598                ttygetc
 .text          0x000000000010862b      0x756 binaries/ttyhandle_in.o
                0x000000000010862b                ttyhandle_in
 .text          0x0000000000108d81      0x19f binaries/ttyhandle_out.o
                0x0000000000108d81                ttyhandle_out
 .text          0x0000000000108f20       0xc6 binaries/ttyhandler.o
                0x0000000000108f20                ttyhandler
 .text          0x0000000000108fe6      0x22b binaries/ttyinit.o
                0x0000000000108fe6                ttyinit
 .text          0x0000000000109211       0x1d binaries/ttykickout.o
                0x0000000000109211                ttykickout
 .text          0x000000000010922e       0xb2 binaries/ttyputc.o
                0x000000000010922e                ttyputc
 .text          0x00000000001092e0      0x10f binaries/ttyread.o
                0x00000000001092e0                ttyread
 .text          0x00000000001093ef       0x4f binaries/ttywrite.o
                0x00000000001093ef                ttywrite
 .text          0x000000000010943e      0x16a binaries/mount.o
                0x000000000010943e                mount
                0x0000000000109572                namlen
 .text          0x00000000001095a8      0x229 binaries/naminit.o
                0x00000000001095a8                naminit
 .text          0x00000000001097d1      0x216 binaries/nammap.o
                0x00000000001097d1                nammap
                0x0000000000109862                namrepl
                0x0000000000109997                namcpy
 .text          0x00000000001099e7       0x55 binaries/namopen.o
                0x00000000001099e7                namopen
 .text          0x0000000000109a3c      0xfa3 binaries/82545EMInit.o
                0x0000000000109a93                _82545EMInit
                0x000000000010a839                _82545EM_read_phy_reg
                0x000000000010a908                _82545EM_write_phy_reg
 .text          0x000000000010a9df      0x24c binaries/ethcontrol.o
                0x000000000010aa36                ethcontrol
                0x000000000010abb3                ethIrqDisable
                0x000000000010abef                ethIrqEnable
 .text          0x000000000010ac2b      0x241 binaries/ethhandler.o
                0x000000000010ad9c                ethhandler
 .text          0x000000000010ae6c      0x122 binaries/ethinit.o
                0x000000000010ae6c                ethinit
 .text          0x000000000010af8e      0x1f0 binaries/ethread.o
                0x000000000010afe5                ethread
 .text          0x000000000010b17e      0x19a binaries/ethwrite.o
                0x000000000010b1d5                ethwrite
 .text          0x000000000010b318      0x2c1 binaries/rdscomm.o
                0x000000000010b318                rdscomm
 .text          0x000000000010b5d9      0x21b binaries/rdscontrol.o
                0x000000000010b5d9                rdscontrol
 .text          0x000000000010b7f4       0x4e binaries/rdsinit.o
                0x000000000010b7f4                rdsinit
 .text          0x000000000010b842      0x385 binaries/rdsopen.o
                0x000000000010b842                rdsopen
 .text          0x000000000010bbc7      0x40d binaries/rdsprocess.o
                0x000000000010bbc7                rdsprocess
 .text          0x000000000010bfd4      0x5b2 binaries/rdsqfcns.o
                0x000000000010bfd4                rdqunlink
                0x000000000010c076                rdqinsert
                0x000000000010c0cb                rdcunlink
                0x000000000010c175                rdcinsert
                0x000000000010c256                edqdump
                0x000000000010c412                edcdump
 .text          0x000000000010c586      0x1d7 binaries/rdsread.o
                0x000000000010c586                rdsread
 .text          0x000000000010c75d       0x58 binaries/rdssetprio.o
                0x000000000010c75d                rdssetprio
 .text          0x000000000010c7b5      0x117 binaries/rdswrite.o
                0x000000000010c7b5                rdswrite
 .text          0x000000000010c8cc        0xa binaries/ramclose.o
                0x000000000010c8cc                ramclose
 .text          0x000000000010c8d6       0x45 binaries/raminit.o
                0x000000000010c8d6                raminit
 .text          0x000000000010c91b        0xa binaries/ramopen.o
                0x000000000010c91b                ramopen
 .text          0x000000000010c925       0x35 binaries/ramread.o
                0x000000000010c925                ramread
 .text          0x000000000010c95a       0x36 binaries/ramwrite.o
                0x000000000010c95a                ramwrite
 .text          0x000000000010c990       0x9e binaries/lfdballoc.o
                0x000000000010c990                lfdballoc
 .text          0x000000000010ca2e       0x62 binaries/lfdbfree.o
                0x000000000010ca2e                lfdbfree
 .text          0x000000000010ca90       0xbf binaries/lfflush.o
                0x000000000010ca90                lfflush
 .text          0x000000000010cb4f       0xd8 binaries/lfgetmode.o
                0x000000000010cb4f                lfgetmode
 .text          0x000000000010cc27       0x6c binaries/lfiballoc.o
                0x000000000010cc27                lfiballoc
 .text          0x000000000010cc93       0x3b binaries/lfibclear.o
                0x000000000010cc93                lfibclear
 .text          0x000000000010ccce       0xae binaries/lfibget.o
                0x000000000010ccce                lfibget
 .text          0x000000000010cd7c       0xe0 binaries/lfibput.o
                0x000000000010cd7c                lfibput
 .text          0x000000000010ce5c       0x93 binaries/lflclose.o
                0x000000000010ce5c                lflclose
 .text          0x000000000010ceef       0xb5 binaries/lflcontrol.o
                0x000000000010ceef                lflcontrol
 .text          0x000000000010cfa4       0xdf binaries/lflgetc.o
                0x000000000010cfa4                lflgetc
 .text          0x000000000010d083       0xfb binaries/lflinit.o
                0x000000000010d083                lflinit
 .text          0x000000000010d17e      0x10f binaries/lflputc.o
                0x000000000010d17e                lflputc
 .text          0x000000000010d28d       0x6d binaries/lflread.o
                0x000000000010d28d                lflread
 .text          0x000000000010d2fa       0x9c binaries/lflseek.o
                0x000000000010d2fa                lflseek
 .text          0x000000000010d396       0x55 binaries/lflwrite.o
                0x000000000010d396                lflwrite
 .text          0x000000000010d3eb       0x62 binaries/lfscheck.o
                0x000000000010d3eb                lfscheck
 .text          0x000000000010d44d      0x176 binaries/lfsckfmt.o
                0x000000000010d44d                lfsckfmt
 .text          0x000000000010d5c3      0x221 binaries/lfscreate.o
                0x000000000010d5c3                lfscreate
 .text          0x000000000010d7e4      0x282 binaries/lfsetup.o
                0x000000000010d7e4                lfsetup
 .text          0x000000000010da66       0x55 binaries/lfsinit.o
                0x000000000010da66                lfsinit
 .text          0x000000000010dabb      0x3cb binaries/lfsopen.o
                0x000000000010dabb                lfsopen
 .text          0x000000000010de86      0x161 binaries/lftruncate.o
                0x000000000010de86                lftruncate
 .text          0x000000000010dfe7      0x1a5 binaries/rflclose.o
                0x000000000010dfe7                rflclose
 .text          0x000000000010e18c       0x5d binaries/rflgetc.o
                0x000000000010e18c                rflgetc
 .text          0x000000000010e1e9       0x76 binaries/rflinit.o
                0x000000000010e1e9                rflinit
 .text          0x000000000010e25f       0x39 binaries/rflputc.o
                0x000000000010e25f                rflputc
 .text          0x000000000010e298      0x386 binaries/rflread.o
                0x000000000010e298                rflread
 .text          0x000000000010e61e       0x68 binaries/rflseek.o
                0x000000000010e61e                rflseek
 .text          0x000000000010e686      0x336 binaries/rflwrite.o
                0x000000000010e686                rflwrite
 .text          0x000000000010e9bc      0x22f binaries/rfscomm.o
                0x000000000010e9bc                rfscomm
 .text          0x000000000010ebeb      0x258 binaries/rfscontrol.o
                0x000000000010ebeb                rfscontrol
 .text          0x000000000010ee43       0xd8 binaries/rfsgetmode.o
                0x000000000010ee43                rfsgetmode
 .text          0x000000000010ef1b       0x61 binaries/rfsinit.o
                0x000000000010ef1b                rfsinit
 .text          0x000000000010ef7c      0x128 binaries/rfsndmsg.o
                0x000000000010ef7c                rfsndmsg
 .text          0x000000000010f0a4      0x28d binaries/rfsopen.o
                0x000000000010f0a4                rfsopen
 .text          0x000000000010f331      0x855 binaries/arp.o
                0x000000000010f331                arp_init
                0x000000000010f363                arp_resolve
                0x000000000010f630                arp_in
                0x000000000010f8e2                arp_alloc
                0x000000000010f9ae                arp_ntoh
                0x000000000010fa9a                arp_hton
 .text          0x000000000010fb86      0x947 binaries/dhcp.o
                0x000000000010fb86                dhcp_get_opt_val
                0x000000000010fbdf                dhcp_bld_bootp_msg
                0x000000000010fd09                dhcp_bld_disc
                0x000000000010fdef                dhcp_bld_req
                0x000000000010ff6c                getlocalip
 .text          0x00000000001104cd      0x6e3 binaries/dns.o
                0x00000000001104cd                dnslookup
 .text          0x0000000000110bb0       0xe0 binaries/dot2ip.o
                0x0000000000110bb0                dot2ip
 .text          0x0000000000110c90      0x468 binaries/hexdump.o
                0x0000000000110c90                hexdump
                0x0000000000110e13                hexadump
 .text          0x00000000001110f8      0x8c4 binaries/icmp.o
                0x00000000001110f8                icmp_init
                0x000000000011112e                icmp_in
                0x0000000000111336                icmp_register
                0x0000000000111428                icmp_recv
                0x00000000001115a1                icmp_send
                0x0000000000111636                icmp_mkpkt
                0x0000000000111751                icmp_release
                0x0000000000111841                icmp_cksum
                0x00000000001118d4                icmp_hton
                0x0000000000111948                icmp_ntoh
 .text          0x00000000001119bc      0x81d binaries/ip.o
                0x00000000001119bc                ip_in
                0x0000000000111b08                ip_send
                0x0000000000111c4a                ip_local
                0x0000000000111c8d                ip_out
                0x0000000000111dba                ipcksum
                0x0000000000111e40                ip_ntoh
                0x0000000000111f2c                ip_hton
                0x0000000000112018                ipout
                0x000000000011213a                ip_enqueue
 .text          0x00000000001121d9      0x2ed binaries/net.o
                0x00000000001121d9                net_init
                0x0000000000112331                netin
                0x00000000001123dd                eth_hton
                0x0000000000112407                eth_ntoh
                0x0000000000112431                getport
 .text          0x00000000001124c6     0x1539 binaries/pdump.o
                0x00000000001124c6                pdump
                0x00000000001132e2                pdumph
 .text          0x00000000001139ff      0x64a binaries/tftp.o
                0x00000000001139ff                tftp_send1
                0x0000000000113b8f                tftpget
                0x0000000000113bd1                tftpget_mb
 .text          0x0000000000114049      0xb08 binaries/udp.o
                0x0000000000114049                udp_init
                0x000000000011407d                udp_in
                0x00000000001141b8                udp_register
                0x00000000001142ec                udp_recv
                0x0000000000114472                udp_recvaddr
                0x0000000000114610                udp_send
                0x00000000001147df                udp_sendto
                0x000000000011497a                udp_release
                0x0000000000114a67                udp_ntoh
                0x0000000000114adc                udp_hton
 .text          0x0000000000114b51      0x134 binaries/addargs.o
                0x0000000000114b51                addargs
 .text          0x0000000000114c85      0x2c9 binaries/lexan.o
                0x0000000000114c85                lexan
 .text          0x0000000000114f4e      0x6e7 binaries/shell.o
                0x0000000000114f4e                shell
 .text          0x0000000000115635       0x68 binaries/xsh_argecho.o
                0x0000000000115635                xsh_argecho
 .text          0x000000000011569d      0x23a binaries/xsh_arp.o
                0x000000000011569d                xsh_arp
 .text          0x00000000001158d7      0x245 binaries/xsh_cat.o
                0x00000000001158d7                xsh_cat
 .text          0x0000000000115b1c       0x59 binaries/xsh_clear.o
                0x0000000000115b1c                xsh_clear
 .text          0x0000000000115b75      0x2e0 binaries/xsh_date.o
                0x0000000000115b75                xsh_date
 .text          0x0000000000115e55       0xab binaries/xsh_devdump.o
                0x0000000000115e55                xsh_devdump
 .text          0x0000000000115f00       0x6c binaries/xsh_echo.o
                0x0000000000115f00                xsh_echo
 .text          0x0000000000115f6c        0xa binaries/xsh_exit.o
                0x0000000000115f6c                xsh_exit
 .text          0x0000000000115f76      0x368 binaries/xsh_help.o
                0x0000000000115f76                xsh_help
 .text          0x00000000001162de      0x232 binaries/xsh_kill.o
                0x00000000001162de                xsh_kill
 .text          0x0000000000116510      0x531 binaries/xsh_ls.o
                0x0000000000116510                xsh_ls
 .text          0x0000000000116a41      0x50a binaries/xsh_memdump.o
                0x0000000000116a41                xsh_memdump
 .text          0x0000000000116f4b      0x291 binaries/xsh_memstat.o
                0x0000000000116f4b                xsh_memstat
 .text          0x00000000001171dc      0x5ae binaries/xsh_netinfo.o
                0x00000000001171dc                xsh_netinfo
 .text          0x000000000011778a      0x5e8 binaries/xsh_ns.o
                0x000000000011778a                xsh_ns
 .text          0x0000000000117d72      0x3c7 binaries/xsh_ping.o
                0x0000000000117d72                xsh_ping
 .text          0x0000000000118139      0x259 binaries/xsh_ps.o
                0x0000000000118139                xsh_ps
 .text          0x0000000000118392      0x20f binaries/xsh_sleep.o
                0x0000000000118392                xsh_sleep
 .text          0x00000000001185a1      0x2b2 binaries/xsh_udpdump.o
                0x00000000001185a1                xsh_udpdump
 .text          0x0000000000118853      0x578 binaries/xsh_udpecho.o
                0x0000000000118853                xsh_udpecho
 .text          0x0000000000118dcb      0x2c6 binaries/xsh_udpserver.o
                0x0000000000118dcb                xsh_udpeserver
 .text          0x0000000000119091      0x1dd binaries/xsh_uptime.o
                0x0000000000119091                xsh_uptime
 .text          0x000000000011926e        0xe binaries/clkdisp.o
                0x000000000011926e                clkdisp
 .text          0x000000000011927c       0x19 binaries/ctxsw.o
                0x000000000011927c                ctxsw
 .text          0x0000000000119295      0x368 binaries/intr.o
                0x0000000000119295                disable
                0x000000000011929e                restore
                0x00000000001192ac                enable
                0x00000000001192ae                pause
                0x00000000001192b5                halt
                0x00000000001192b8                spurious_irq7
                0x00000000001192bd                spurious_irq15
                0x00000000001192cc                _Xint0
                0x00000000001192d7                _Xint1
                0x00000000001192e2                _Xint2
                0x00000000001192ed                _Xint3
                0x00000000001192f8                _Xint4
                0x0000000000119303                _Xint5
                0x000000000011930e                _Xint6
                0x0000000000119319                _Xint7
                0x0000000000119324                _Xint8
                0x000000000011932f                _Xint9
                0x000000000011933a                _Xint10
                0x0000000000119345                _Xint11
                0x0000000000119353                _Xint12
                0x0000000000119361                _Xint13
                0x000000000011936f                _Xint14
                0x000000000011937d                _Xint15
                0x000000000011938b                _Xint16
                0x0000000000119399                _Xint17
                0x00000000001193a7                _Xint18
                0x00000000001193b5                _Xint19
                0x00000000001193c3                _Xint20
                0x00000000001193d1                _Xint21
                0x00000000001193df                _Xint22
                0x00000000001193ed                _Xint23
                0x00000000001193fb                _Xint24
                0x0000000000119409                _Xint25
                0x0000000000119417                _Xint26
                0x0000000000119425                _Xint27
                0x0000000000119433                _Xint28
                0x0000000000119441                _Xint29
                0x000000000011944f                _Xint30
                0x000000000011945d                _Xint31
                0x000000000011946b                _Xint32
                0x0000000000119479                _Xint33
                0x0000000000119487                _Xint34
                0x0000000000119495                _Xint35
                0x00000000001194a3                _Xint36
                0x00000000001194b1                _Xint37
                0x00000000001194bf                _Xint38
                0x00000000001194cd                _Xint39
                0x00000000001194db                _Xint40
                0x00000000001194e9                _Xint41
                0x00000000001194f7                _Xint42
                0x0000000000119505                _Xint43
                0x0000000000119513                _Xint44
                0x0000000000119521                _Xint45
                0x000000000011952f                _Xint46
                0x000000000011953d                defevec
 .text          0x00000000001195fd        0xd binaries/pagefault_handler_disp.o
                0x00000000001195fd                pagefault_handler_disp
 .text          0x000000000011960a        0xf binaries/ttydispatch.o
                0x000000000011960a                ttydispatch
 .text          0x0000000000119619       0x13 binaries/ethdispatch.o
                0x0000000000119619                ethdispatch
 *(.rodata .rodata.*)
 .rodata        0x000000000011962c       0x8e binaries/ascdate.o
 .rodata        0x00000000001196ba       0xae binaries/conf.o
 .rodata        0x0000000000119768      0x22f binaries/evec.o
 *fill*         0x0000000000119997        0x1 
 .rodata        0x0000000000119998       0x61 binaries/getutime.o
 *fill*         0x00000000001199f9        0x3 
 .rodata        0x00000000001199fc       0x9d binaries/helper_functions.o
 *fill*         0x0000000000119a99        0x3 
 .rodata        0x0000000000119a9c       0x90 binaries/i386.o
 .rodata        0x0000000000119b2c      0x187 binaries/initialize.o
 *fill*         0x0000000000119cb3        0x1 
 .rodata        0x0000000000119cb4       0x20 binaries/kill.o
 .rodata        0x0000000000119cd4      0x41e binaries/main.o
 *fill*         0x000000000011a0f2        0x2 
 .rodata        0x000000000011a0f4       0x40 binaries/pagefault_handler.o
 .rodata        0x000000000011a134        0xf binaries/panic.o
 *fill*         0x000000000011a143        0x1 
 .rodata        0x000000000011a144      0x1ec binaries/pci.o
 .rodata        0x000000000011a330       0x1d binaries/ptinit.o
 *fill*         0x000000000011a34d        0x3 
 .rodata        0x000000000011a350       0x25 binaries/ptsend.o
 *fill*         0x000000000011a375        0x3 
 .rodata        0x000000000011a378       0xb7 binaries/stacktrace.o
 *fill*         0x000000000011a42f        0x1 
 .rodata        0x000000000011a430       0x27 binaries/xdone.o
 *fill*         0x000000000011a457        0x9 
 .rodata        0x000000000011a460       0x81 binaries/ctype_.o
                0x000000000011a460                _ctype_
 *fill*         0x000000000011a4e1        0x3 
 .rodata        0x000000000011a4e4       0xee binaries/doprnt.o
 *fill*         0x000000000011a5d2        0x2 
 .rodata        0x000000000011a5d4       0x98 binaries/doscan.o
 .rodata        0x000000000011a66c       0xae binaries/fdoprnt.o
 *fill*         0x000000000011a71a        0x2 
 .rodata        0x000000000011a71c       0x20 binaries/ttycontrol.o
 .rodata        0x000000000011a73c       0x34 binaries/ttyhandler.o
 .rodata        0x000000000011a770       0x14 binaries/mount.o
 .rodata        0x000000000011a784       0x82 binaries/naminit.o
 *fill*         0x000000000011a806        0x2 
 .rodata        0x000000000011a808       0x2e binaries/82545EMInit.o
 *fill*         0x000000000011a836        0x2 
 .rodata        0x000000000011a838       0x78 binaries/ethinit.o
 .rodata        0x000000000011a8b0       0x18 binaries/ethread.o
 .rodata        0x000000000011a8c8       0x76 binaries/rdscomm.o
 *fill*         0x000000000011a93e        0x2 
 .rodata        0x000000000011a940       0x21 binaries/rdscontrol.o
 *fill*         0x000000000011a961        0x3 
 .rodata        0x000000000011a964       0xae binaries/rdsopen.o
 *fill*         0x000000000011aa12        0x2 
 .rodata        0x000000000011aa14       0x3e binaries/rdsprocess.o
 *fill*         0x000000000011aa52        0x2 
 .rodata        0x000000000011aa54       0xe2 binaries/rdsqfcns.o
 .rodata        0x000000000011ab36        0x9 binaries/raminit.o
 *fill*         0x000000000011ab3f        0x1 
 .rodata        0x000000000011ab40       0x36 binaries/lfdballoc.o
 .rodata        0x000000000011ab76       0x14 binaries/lfiballoc.o
 *fill*         0x000000000011ab8a        0x2 
 .rodata        0x000000000011ab8c       0x22 binaries/lflcontrol.o
 *fill*         0x000000000011abae        0x2 
 .rodata        0x000000000011abb0      0x118 binaries/lfsckfmt.o
 .rodata        0x000000000011acc8       0x66 binaries/lfsopen.o
 *fill*         0x000000000011ad2e        0x2 
 .rodata        0x000000000011ad30       0x21 binaries/rflclose.o
 *fill*         0x000000000011ad51        0x3 
 .rodata        0x000000000011ad54       0x21 binaries/rflread.o
 *fill*         0x000000000011ad75        0x3 
 .rodata        0x000000000011ad78       0x21 binaries/rflwrite.o
 *fill*         0x000000000011ad99        0x3 
 .rodata        0x000000000011ad9c       0xa1 binaries/rfscomm.o
 *fill*         0x000000000011ae3d        0x3 
 .rodata        0x000000000011ae40       0x3c binaries/rfscontrol.o
 .rodata        0x000000000011ae7c       0x2b binaries/rfsinit.o
 *fill*         0x000000000011aea7        0x1 
 .rodata        0x000000000011aea8       0x2a binaries/rfsndmsg.o
 *fill*         0x000000000011aed2        0x2 
 .rodata        0x000000000011aed4       0x21 binaries/rfsopen.o
 *fill*         0x000000000011aef5        0x3 
 .rodata        0x000000000011aef8       0x3a binaries/arp.o
 *fill*         0x000000000011af32        0x2 
 .rodata        0x000000000011af34       0xcf binaries/dhcp.o
 .rodata        0x000000000011b003       0x24 binaries/dns.o
 *fill*         0x000000000011b027        0x1 
 .rodata        0x000000000011b028       0xc9 binaries/hexdump.o
 *fill*         0x000000000011b0f1        0x3 
 .rodata        0x000000000011b0f4       0x29 binaries/icmp.o
 *fill*         0x000000000011b11d        0x3 
 .rodata        0x000000000011b120       0x52 binaries/ip.o
 *fill*         0x000000000011b172        0x2 
 .rodata        0x000000000011b174       0x4f binaries/net.o
 *fill*         0x000000000011b1c3        0x1 
 .rodata        0x000000000011b1c4      0x26f binaries/pdump.o
 *fill*         0x000000000011b433        0x1 
 .rodata        0x000000000011b434      0x154 binaries/tftp.o
 *fill*         0x000000000011b588       0x18 
 .rodata        0x000000000011b5a0      0x3f9 binaries/shell.o
                0x000000000011b640                cmdtab
 .rodata        0x000000000011b999       0x28 binaries/xsh_argecho.o
 *fill*         0x000000000011b9c1        0x3 
 .rodata        0x000000000011b9c4      0x123 binaries/xsh_arp.o
 *fill*         0x000000000011bae7        0x1 
 .rodata        0x000000000011bae8       0xc9 binaries/xsh_cat.o
 .rodata        0x000000000011bbb1       0x19 binaries/xsh_clear.o
 *fill*         0x000000000011bbca        0x2 
 .rodata        0x000000000011bbcc      0x1c3 binaries/xsh_date.o
 .rodata        0x000000000011bd8f       0x5d binaries/xsh_devdump.o
 .rodata        0x000000000011bdec        0x9 binaries/xsh_echo.o
 *fill*         0x000000000011bdf5        0x3 
 .rodata        0x000000000011bdf8      0x169 binaries/xsh_help.o
 *fill*         0x000000000011bf61        0x3 
 .rodata        0x000000000011bf64      0x12e binaries/xsh_kill.o
 *fill*         0x000000000011c092        0x2 
 .rodata        0x000000000011c094      0x190 binaries/xsh_ls.o
 .rodata        0x000000000011c224      0x266 binaries/xsh_memdump.o
 *fill*         0x000000000011c48a        0x2 
 .rodata        0x000000000011c48c      0x225 binaries/xsh_memstat.o
 *fill*         0x000000000011c6b1        0x3 
 .rodata        0x000000000011c6b4      0x1b0 binaries/xsh_netinfo.o
 *fill*         0x000000000011c864       0x1c 
 .rodata        0x000000000011c880      0x340 binaries/xsh_ns.o
 .rodata        0x000000000011cbc0      0x19d binaries/xsh_ping.o
 *fill*         0x000000000011cd5d        0x3 
 .rodata        0x000000000011cd60      0x1e0 binaries/xsh_ps.o
 .rodata        0x000000000011cf40       0xeb binaries/xsh_sleep.o
 *fill*         0x000000000011d02b        0x1 
 .rodata        0x000000000011d02c      0x1b8 binaries/xsh_udpdump.o
 .rodata        0x000000000011d1e4      0x27d binaries/xsh_udpecho.o
 *fill*         0x000000000011d461        0x3 
 .rodata        0x000000000011d464      0x12b binaries/xsh_udpserver.o
 *fill*         0x000000000011d58f        0x1 
 .rodata        0x000000000011d590      0x105 binaries/xsh_uptime.o
                0x000000000011d695                etext = ABSOLUTE (.)
                0x000000000011e000                . = ALIGN (0x1000)
 *fill*         0x000000000011d695      0x96b 

.eh_frame       0x000000000011e000     0x314c
 .eh_frame      0x000000000011e000       0x40 binaries/ascdate.o
 .eh_frame      0x000000000011e040       0x20 binaries/bufinit.o
                                         0x38 (size before relaxing)
 .eh_frame      0x000000000011e060       0x20 binaries/chprio.o
                                         0x38 (size before relaxing)
 .eh_frame      0x000000000011e080       0x20 binaries/clkhandler.o
                                         0x38 (size before relaxing)
 .eh_frame      0x000000000011e0a0       0x20 binaries/clkinit.o
                                         0x38 (size before relaxing)
 .eh_frame      0x000000000011e0c0       0x20 binaries/close.o
                                         0x38 (size before relaxing)
 .eh_frame      0x000000000011e0e0       0x20 binaries/control.o
                                         0x38 (size before relaxing)
 .eh_frame      0x000000000011e100      0x100 binaries/control_reg.o
                                        0x118 (size before relaxing)
 .eh_frame      0x000000000011e200       0x40 binaries/create.o
                                         0x58 (size before relaxing)
 .eh_frame      0x000000000011e240       0x60 binaries/evec.o
                                         0x78 (size before relaxing)
 .eh_frame      0x000000000011e2a0       0x20 binaries/exit.o
                                         0x38 (size before relaxing)
 .eh_frame      0x000000000011e2c0       0x20 binaries/freebuf.o
                                         0x38 (size before relaxing)
 .eh_frame      0x000000000011e2e0       0x20 binaries/freemem.o
                                         0x38 (size before relaxing)
 .eh_frame      0x000000000011e300       0x20 binaries/getbuf.o
                                         0x38 (size before relaxing)
 .eh_frame      0x000000000011e320       0x20 binaries/getc.o
                                         0x38 (size before relaxing)
 .eh_frame      0x000000000011e340       0x20 binaries/getdev.o
                                         0x38 (size before relaxing)
 .eh_frame      0x000000000011e360       0x60 binaries/getitem.o
                                         0x78 (size before relaxing)
 .eh_frame      0x000000000011e3c0       0x20 binaries/getmem.o
                                         0x38 (size before relaxing)
 .eh_frame      0x000000000011e3e0       0x20 binaries/getpid.o
                                         0x38 (size before relaxing)
 .eh_frame      0x000000000011e400       0x20 binaries/getprio.o
                                         0x38 (size before relaxing)
 .eh_frame      0x000000000011e420       0x20 binaries/getstk.o
                                         0x38 (size before relaxing)
 .eh_frame      0x000000000011e440       0x20 binaries/getticks.o
                                         0x38 (size before relaxing)
 .eh_frame      0x000000000011e460       0x20 binaries/gettime.o
                                         0x38 (size before relaxing)
 .eh_frame      0x000000000011e480       0x20 binaries/getutime.o
                                         0x38 (size before relaxing)
 .eh_frame      0x000000000011e4a0      0x238 binaries/helper_functions.o
                                        0x250 (size before relaxing)
 .eh_frame      0x000000000011e6d8       0x8c binaries/i386.o
                                         0xa4 (size before relaxing)
 .eh_frame      0x000000000011e764       0x20 binaries/init.o
                                         0x38 (size before relaxing)
 .eh_frame      0x000000000011e784       0xa0 binaries/initialize.o
                                         0xb8 (size before relaxing)
 .eh_frame      0x000000000011e824       0x20 binaries/insert.o
                                         0x38 (size before relaxing)
 .eh_frame      0x000000000011e844       0x20 binaries/insertd.o
                                         0x38 (size before relaxing)
 .eh_frame      0x000000000011e864       0x20 binaries/ioerr.o
                                         0x38 (size before relaxing)
 .eh_frame      0x000000000011e884       0x20 binaries/ionull.o
                                         0x38 (size before relaxing)
 .eh_frame      0x000000000011e8a4       0x20 binaries/kill.o
                                         0x38 (size before relaxing)
 .eh_frame      0x000000000011e8c4       0x60 binaries/kprintf.o
                                         0x78 (size before relaxing)
 .eh_frame      0x000000000011e924       0xcc binaries/main.o
                                         0xe4 (size before relaxing)
 .eh_frame      0x000000000011e9f0       0x40 binaries/mark.o
                                         0x58 (size before relaxing)
 .eh_frame      0x000000000011ea30       0x20 binaries/meminit.o
                                         0x38 (size before relaxing)
 .eh_frame      0x000000000011ea50       0x20 binaries/mkbufpool.o
                                         0x38 (size before relaxing)
 .eh_frame      0x000000000011ea70       0x20 binaries/newqueue.o
                                         0x38 (size before relaxing)
 .eh_frame      0x000000000011ea90       0x20 binaries/open.o
                                         0x38 (size before relaxing)
 .eh_frame      0x000000000011eab0       0x20 binaries/pagefault_handler.o
                                         0x38 (size before relaxing)
 .eh_frame      0x000000000011ead0       0x1c binaries/panic.o
                                         0x34 (size before relaxing)
 .eh_frame      0x000000000011eaec      0x1c8 binaries/pci.o
                                        0x1e0 (size before relaxing)
 .eh_frame      0x000000000011ecb4       0x20 binaries/ptclear.o
                                         0x38 (size before relaxing)
 .eh_frame      0x000000000011ecd4       0x20 binaries/ptcount.o
                                         0x38 (size before relaxing)
 .eh_frame      0x000000000011ecf4       0x20 binaries/ptcreate.o
                                         0x38 (size before relaxing)
 .eh_frame      0x000000000011ed14       0x20 binaries/ptdelete.o
                                         0x38 (size before relaxing)
 .eh_frame      0x000000000011ed34       0x20 binaries/ptinit.o
                                         0x38 (size before relaxing)
 .eh_frame      0x000000000011ed54       0x20 binaries/ptrecv.o
                                         0x38 (size before relaxing)
 .eh_frame      0x000000000011ed74       0x20 binaries/ptreset.o
                                         0x38 (size before relaxing)
 .eh_frame      0x000000000011ed94       0x20 binaries/ptsend.o
                                         0x38 (size before relaxing)
 .eh_frame      0x000000000011edb4       0x20 binaries/putc.o
                                         0x38 (size before relaxing)
 .eh_frame      0x000000000011edd4       0x40 binaries/queue.o
                                         0x58 (size before relaxing)
 .eh_frame      0x000000000011ee14       0x20 binaries/read.o
                                         0x38 (size before relaxing)
 .eh_frame      0x000000000011ee34       0x24 binaries/ready.o
                                         0x3c (size before relaxing)
 .eh_frame      0x000000000011ee58       0x20 binaries/receive.o
                                         0x38 (size before relaxing)
 .eh_frame      0x000000000011ee78       0x20 binaries/recvclr.o
                                         0x38 (size before relaxing)
 .eh_frame      0x000000000011ee98       0x20 binaries/recvtime.o
                                         0x38 (size before relaxing)
 .eh_frame      0x000000000011eeb8       0x40 binaries/resched.o
                                         0x58 (size before relaxing)
 .eh_frame      0x000000000011eef8       0x20 binaries/resume.o
                                         0x38 (size before relaxing)
 .eh_frame      0x000000000011ef18       0x20 binaries/seek.o
                                         0x38 (size before relaxing)
 .eh_frame      0x000000000011ef38       0x20 binaries/semcount.o
                                         0x38 (size before relaxing)
 .eh_frame      0x000000000011ef58       0x40 binaries/semcreate.o
                                         0x58 (size before relaxing)
 .eh_frame      0x000000000011ef98       0x20 binaries/semdelete.o
                                         0x38 (size before relaxing)
 .eh_frame      0x000000000011efb8       0x20 binaries/semreset.o
                                         0x38 (size before relaxing)
 .eh_frame      0x000000000011efd8       0x20 binaries/send.o
                                         0x38 (size before relaxing)
 .eh_frame      0x000000000011eff8       0x20 binaries/signal.o
                                         0x38 (size before relaxing)
 .eh_frame      0x000000000011f018       0x20 binaries/signaln.o
                                         0x38 (size before relaxing)
 .eh_frame      0x000000000011f038       0x40 binaries/sleep.o
                                         0x58 (size before relaxing)
 .eh_frame      0x000000000011f078       0x20 binaries/stacktrace.o
                                         0x38 (size before relaxing)
 .eh_frame      0x000000000011f098       0x20 binaries/suspend.o
                                         0x38 (size before relaxing)
 .eh_frame      0x000000000011f0b8       0x20 binaries/unsleep.o
                                         0x38 (size before relaxing)
 .eh_frame      0x000000000011f0d8       0x20 binaries/userret.o
                                         0x38 (size before relaxing)
 .eh_frame      0x000000000011f0f8       0x20 binaries/wait.o
                                         0x38 (size before relaxing)
 .eh_frame      0x000000000011f118       0x20 binaries/wakeup.o
                                         0x38 (size before relaxing)
 .eh_frame      0x000000000011f138       0x20 binaries/write.o
                                         0x38 (size before relaxing)
 .eh_frame      0x000000000011f158       0x20 binaries/xdone.o
                                         0x38 (size before relaxing)
 .eh_frame      0x000000000011f178       0x20 binaries/yield.o
                                         0x38 (size before relaxing)
 .eh_frame      0x000000000011f198       0x20 binaries/abs.o
                                         0x38 (size before relaxing)
 .eh_frame      0x000000000011f1b8       0x20 binaries/atoi.o
                                         0x38 (size before relaxing)
 .eh_frame      0x000000000011f1d8       0x20 binaries/atol.o
                                         0x38 (size before relaxing)
 .eh_frame      0x000000000011f1f8       0x20 binaries/bzero.o
                                         0x38 (size before relaxing)
 .eh_frame      0x000000000011f218       0xe4 binaries/doprnt.o
                                         0xfc (size before relaxing)
 .eh_frame      0x000000000011f2fc       0xb0 binaries/doscan.o
                                         0xc8 (size before relaxing)
 .eh_frame      0x000000000011f3ac       0xc0 binaries/fdoprnt.o
                                         0xd8 (size before relaxing)
 .eh_frame      0x000000000011f46c       0x20 binaries/fgetc.o
                                         0x38 (size before relaxing)
 .eh_frame      0x000000000011f48c       0x20 binaries/fgets.o
                                         0x38 (size before relaxing)
 .eh_frame      0x000000000011f4ac       0x20 binaries/fprintf.o
                                         0x38 (size before relaxing)
 .eh_frame      0x000000000011f4cc       0x20 binaries/fputc.o
                                         0x38 (size before relaxing)
 .eh_frame      0x000000000011f4ec       0x20 binaries/fputs.o
                                         0x38 (size before relaxing)
 .eh_frame      0x000000000011f50c       0x60 binaries/fscanf.o
                                         0x78 (size before relaxing)
 .eh_frame      0x000000000011f56c       0x20 binaries/getchar.o
                                         0x38 (size before relaxing)
 .eh_frame      0x000000000011f58c       0x20 binaries/labs.o
                                         0x38 (size before relaxing)
 .eh_frame      0x000000000011f5ac       0x20 binaries/memcmp.o
                                         0x38 (size before relaxing)
 .eh_frame      0x000000000011f5cc       0x24 binaries/memcpy.o
                                         0x3c (size before relaxing)
 .eh_frame      0x000000000011f5f0       0x24 binaries/memset.o
                                         0x3c (size before relaxing)
 .eh_frame      0x000000000011f614       0x20 binaries/printf.o
                                         0x38 (size before relaxing)
 .eh_frame      0x000000000011f634       0x20 binaries/putchar.o
                                         0x38 (size before relaxing)
 .eh_frame      0x000000000011f654       0xa8 binaries/qsort.o
                                         0xc0 (size before relaxing)
 .eh_frame      0x000000000011f6fc       0x60 binaries/rand.o
                                         0x78 (size before relaxing)
 .eh_frame      0x000000000011f75c       0x40 binaries/sprintf.o
                                         0x58 (size before relaxing)
 .eh_frame      0x000000000011f79c       0x60 binaries/sscanf.o
                                         0x78 (size before relaxing)
 .eh_frame      0x000000000011f7fc       0x20 binaries/strchr.o
                                         0x38 (size before relaxing)
 .eh_frame      0x000000000011f81c       0x20 binaries/strcmp.o
                                         0x38 (size before relaxing)
 .eh_frame      0x000000000011f83c       0x20 binaries/strcpy.o
                                         0x38 (size before relaxing)
 .eh_frame      0x000000000011f85c       0x20 binaries/strlen.o
                                         0x38 (size before relaxing)
 .eh_frame      0x000000000011f87c       0x20 binaries/strncat.o
                                         0x38 (size before relaxing)
 .eh_frame      0x000000000011f89c       0x20 binaries/strncmp.o
                                         0x38 (size before relaxing)
 .eh_frame      0x000000000011f8bc       0x28 binaries/strncpy.o
                                         0x40 (size before relaxing)
 .eh_frame      0x000000000011f8e4       0x20 binaries/strnlen.o
                                         0x38 (size before relaxing)
 .eh_frame      0x000000000011f904       0x20 binaries/strrchr.o
                                         0x38 (size before relaxing)
 .eh_frame      0x000000000011f924       0x20 binaries/strstr.o
                                         0x38 (size before relaxing)
 .eh_frame      0x000000000011f944       0x20 binaries/ttycontrol.o
                                         0x38 (size before relaxing)
 .eh_frame      0x000000000011f964       0x20 binaries/ttygetc.o
                                         0x38 (size before relaxing)
 .eh_frame      0x000000000011f984       0x80 binaries/ttyhandle_in.o
                                         0x98 (size before relaxing)
 .eh_frame      0x000000000011fa04       0x20 binaries/ttyhandle_out.o
                                         0x38 (size before relaxing)
 .eh_frame      0x000000000011fa24       0x20 binaries/ttyhandler.o
                                         0x38 (size before relaxing)
 .eh_frame      0x000000000011fa44       0x20 binaries/ttyinit.o
                                         0x38 (size before relaxing)
 .eh_frame      0x000000000011fa64       0x20 binaries/ttykickout.o
                                         0x38 (size before relaxing)
 .eh_frame      0x000000000011fa84       0x20 binaries/ttyputc.o
                                         0x38 (size before relaxing)
 .eh_frame      0x000000000011faa4       0x28 binaries/ttyread.o
                                         0x40 (size before relaxing)
 .eh_frame      0x000000000011facc       0x20 binaries/ttywrite.o
                                         0x38 (size before relaxing)
 .eh_frame      0x000000000011faec       0x40 binaries/mount.o
                                         0x58 (size before relaxing)
 .eh_frame      0x000000000011fb2c       0x20 binaries/naminit.o
                                         0x38 (size before relaxing)
 .eh_frame      0x000000000011fb4c       0x60 binaries/nammap.o
                                         0x78 (size before relaxing)
 .eh_frame      0x000000000011fbac       0x20 binaries/namopen.o
                                         0x38 (size before relaxing)
 .eh_frame      0x000000000011fbcc      0x150 binaries/82545EMInit.o
                                        0x168 (size before relaxing)
 .eh_frame      0x000000000011fd1c       0xa0 binaries/ethcontrol.o
                                         0xb8 (size before relaxing)
 .eh_frame      0x000000000011fdbc       0x80 binaries/ethhandler.o
                                         0x98 (size before relaxing)
 .eh_frame      0x000000000011fe3c       0x20 binaries/ethinit.o
                                         0x38 (size before relaxing)
 .eh_frame      0x000000000011fe5c       0x60 binaries/ethread.o
                                         0x78 (size before relaxing)
 .eh_frame      0x000000000011febc       0x60 binaries/ethwrite.o
                                         0x78 (size before relaxing)
 .eh_frame      0x000000000011ff1c       0x20 binaries/rdscomm.o
                                         0x38 (size before relaxing)
 .eh_frame      0x000000000011ff3c       0x20 binaries/rdscontrol.o
                                         0x38 (size before relaxing)
 .eh_frame      0x000000000011ff5c       0x20 binaries/rdsinit.o
                                         0x38 (size before relaxing)
 .eh_frame      0x000000000011ff7c       0x20 binaries/rdsopen.o
                                         0x38 (size before relaxing)
 .eh_frame      0x000000000011ff9c       0x1c binaries/rdsprocess.o
                                         0x34 (size before relaxing)
 .eh_frame      0x000000000011ffb8       0xc0 binaries/rdsqfcns.o
                                         0xd8 (size before relaxing)
 .eh_frame      0x0000000000120078       0x20 binaries/rdsread.o
                                         0x38 (size before relaxing)
 .eh_frame      0x0000000000120098       0x20 binaries/rdssetprio.o
                                         0x38 (size before relaxing)
 .eh_frame      0x00000000001200b8       0x20 binaries/rdswrite.o
                                         0x38 (size before relaxing)
 .eh_frame      0x00000000001200d8       0x20 binaries/ramclose.o
                                         0x38 (size before relaxing)
 .eh_frame      0x00000000001200f8       0x20 binaries/raminit.o
                                         0x38 (size before relaxing)
 .eh_frame      0x0000000000120118       0x20 binaries/ramopen.o
                                         0x38 (size before relaxing)
 .eh_frame      0x0000000000120138       0x20 binaries/ramread.o
                                         0x38 (size before relaxing)
 .eh_frame      0x0000000000120158       0x20 binaries/ramwrite.o
                                         0x38 (size before relaxing)
 .eh_frame      0x0000000000120178       0x20 binaries/lfdballoc.o
                                         0x38 (size before relaxing)
 .eh_frame      0x0000000000120198       0x20 binaries/lfdbfree.o
                                         0x38 (size before relaxing)
 .eh_frame      0x00000000001201b8       0x20 binaries/lfflush.o
                                         0x38 (size before relaxing)
 .eh_frame      0x00000000001201d8       0x20 binaries/lfgetmode.o
                                         0x38 (size before relaxing)
 .eh_frame      0x00000000001201f8       0x20 binaries/lfiballoc.o
                                         0x38 (size before relaxing)
 .eh_frame      0x0000000000120218       0x20 binaries/lfibclear.o
                                         0x38 (size before relaxing)
 .eh_frame      0x0000000000120238       0x20 binaries/lfibget.o
                                         0x38 (size before relaxing)
 .eh_frame      0x0000000000120258       0x20 binaries/lfibput.o
                                         0x38 (size before relaxing)
 .eh_frame      0x0000000000120278       0x20 binaries/lflclose.o
                                         0x38 (size before relaxing)
 .eh_frame      0x0000000000120298       0x20 binaries/lflcontrol.o
                                         0x38 (size before relaxing)
 .eh_frame      0x00000000001202b8       0x20 binaries/lflgetc.o
                                         0x38 (size before relaxing)
 .eh_frame      0x00000000001202d8       0x20 binaries/lflinit.o
                                         0x38 (size before relaxing)
 .eh_frame      0x00000000001202f8       0x20 binaries/lflputc.o
                                         0x38 (size before relaxing)
 .eh_frame      0x0000000000120318       0x20 binaries/lflread.o
                                         0x38 (size before relaxing)
 .eh_frame      0x0000000000120338       0x20 binaries/lflseek.o
                                         0x38 (size before relaxing)
 .eh_frame      0x0000000000120358       0x20 binaries/lflwrite.o
                                         0x38 (size before relaxing)
 .eh_frame      0x0000000000120378       0x20 binaries/lfscheck.o
                                         0x38 (size before relaxing)
 .eh_frame      0x0000000000120398       0x20 binaries/lfsckfmt.o
                                         0x38 (size before relaxing)
 .eh_frame      0x00000000001203b8       0x20 binaries/lfscreate.o
                                         0x38 (size before relaxing)
 .eh_frame      0x00000000001203d8       0x20 binaries/lfsetup.o
                                         0x38 (size before relaxing)
 .eh_frame      0x00000000001203f8       0x20 binaries/lfsinit.o
                                         0x38 (size before relaxing)
 .eh_frame      0x0000000000120418       0x20 binaries/lfsopen.o
                                         0x38 (size before relaxing)
 .eh_frame      0x0000000000120438       0x20 binaries/lftruncate.o
                                         0x38 (size before relaxing)
 .eh_frame      0x0000000000120458       0x20 binaries/rflclose.o
                                         0x38 (size before relaxing)
 .eh_frame      0x0000000000120478       0x20 binaries/rflgetc.o
                                         0x38 (size before relaxing)
 .eh_frame      0x0000000000120498       0x20 binaries/rflinit.o
                                         0x38 (size before relaxing)
 .eh_frame      0x00000000001204b8       0x20 binaries/rflputc.o
                                         0x38 (size before relaxing)
 .eh_frame      0x00000000001204d8       0x20 binaries/rflread.o
                                         0x38 (size before relaxing)
 .eh_frame      0x00000000001204f8       0x20 binaries/rflseek.o
                                         0x38 (size before relaxing)
 .eh_frame      0x0000000000120518       0x20 binaries/rflwrite.o
                                         0x38 (size before relaxing)
 .eh_frame      0x0000000000120538       0x20 binaries/rfscomm.o
                                         0x38 (size before relaxing)
 .eh_frame      0x0000000000120558       0x20 binaries/rfscontrol.o
                                         0x38 (size before relaxing)
 .eh_frame      0x0000000000120578       0x20 binaries/rfsgetmode.o
                                         0x38 (size before relaxing)
 .eh_frame      0x0000000000120598       0x20 binaries/rfsinit.o
                                         0x38 (size before relaxing)
 .eh_frame      0x00000000001205b8       0x20 binaries/rfsndmsg.o
                                         0x38 (size before relaxing)
 .eh_frame      0x00000000001205d8       0x20 binaries/rfsopen.o
                                         0x38 (size before relaxing)
 .eh_frame      0x00000000001205f8       0xc0 binaries/arp.o
                                         0xd8 (size before relaxing)
 .eh_frame      0x00000000001206b8       0xa0 binaries/dhcp.o
                                         0xb8 (size before relaxing)
 .eh_frame      0x0000000000120758       0x80 binaries/dns.o
                                         0x98 (size before relaxing)
 .eh_frame      0x00000000001207d8       0x20 binaries/dot2ip.o
                                         0x38 (size before relaxing)
 .eh_frame      0x00000000001207f8       0x40 binaries/hexdump.o
                                         0x58 (size before relaxing)
 .eh_frame      0x0000000000120838      0x150 binaries/icmp.o
                                        0x168 (size before relaxing)
 .eh_frame      0x0000000000120988      0x11c binaries/ip.o
                                        0x134 (size before relaxing)
 .eh_frame      0x0000000000120aa4       0xa0 binaries/net.o
                                         0xb8 (size before relaxing)
 .eh_frame      0x0000000000120b44       0x60 binaries/pdump.o
                                         0x78 (size before relaxing)
 .eh_frame      0x0000000000120ba4       0x60 binaries/tftp.o
                                         0x78 (size before relaxing)
 .eh_frame      0x0000000000120c04      0x140 binaries/udp.o
                                        0x158 (size before relaxing)
 .eh_frame      0x0000000000120d44       0x20 binaries/addargs.o
                                         0x38 (size before relaxing)
 .eh_frame      0x0000000000120d64       0x20 binaries/lexan.o
                                         0x38 (size before relaxing)
 .eh_frame      0x0000000000120d84       0x20 binaries/shell.o
                                         0x38 (size before relaxing)
 .eh_frame      0x0000000000120da4       0x20 binaries/xsh_argecho.o
                                         0x38 (size before relaxing)
 .eh_frame      0x0000000000120dc4       0x40 binaries/xsh_arp.o
                                         0x58 (size before relaxing)
 .eh_frame      0x0000000000120e04       0x20 binaries/xsh_cat.o
                                         0x38 (size before relaxing)
 .eh_frame      0x0000000000120e24       0x20 binaries/xsh_clear.o
                                         0x38 (size before relaxing)
 .eh_frame      0x0000000000120e44       0x20 binaries/xsh_date.o
                                         0x38 (size before relaxing)
 .eh_frame      0x0000000000120e64       0x20 binaries/xsh_devdump.o
                                         0x38 (size before relaxing)
 .eh_frame      0x0000000000120e84       0x20 binaries/xsh_echo.o
                                         0x38 (size before relaxing)
 .eh_frame      0x0000000000120ea4       0x20 binaries/xsh_exit.o
                                         0x38 (size before relaxing)
 .eh_frame      0x0000000000120ec4       0x2c binaries/xsh_help.o
                                         0x44 (size before relaxing)
 .eh_frame      0x0000000000120ef0       0x20 binaries/xsh_kill.o
                                         0x38 (size before relaxing)
 .eh_frame      0x0000000000120f10       0x2c binaries/xsh_ls.o
                                         0x44 (size before relaxing)
 .eh_frame      0x0000000000120f3c       0x40 binaries/xsh_memdump.o
                                         0x58 (size before relaxing)
 .eh_frame      0x0000000000120f7c       0x60 binaries/xsh_memstat.o
                                         0x78 (size before relaxing)
 .eh_frame      0x0000000000120fdc       0x30 binaries/xsh_netinfo.o
                                         0x48 (size before relaxing)
 .eh_frame      0x000000000012100c       0x30 binaries/xsh_ns.o
                                         0x48 (size before relaxing)
 .eh_frame      0x000000000012103c       0x28 binaries/xsh_ping.o
                                         0x40 (size before relaxing)
 .eh_frame      0x0000000000121064       0x30 binaries/xsh_ps.o
                                         0x48 (size before relaxing)
 .eh_frame      0x0000000000121094       0x20 binaries/xsh_sleep.o
                                         0x38 (size before relaxing)
 .eh_frame      0x00000000001210b4       0x20 binaries/xsh_udpdump.o
                                         0x38 (size before relaxing)
 .eh_frame      0x00000000001210d4       0x30 binaries/xsh_udpecho.o
                                         0x48 (size before relaxing)
 .eh_frame      0x0000000000121104       0x28 binaries/xsh_udpserver.o
                                         0x40 (size before relaxing)
 .eh_frame      0x000000000012112c       0x20 binaries/xsh_uptime.o
                                         0x38 (size before relaxing)

.iplt           0x000000000012114c        0x0
 .iplt          0x000000000012114c        0x0 binaries/start.o

.rel.dyn        0x000000000012114c        0x0
 .rel.got       0x000000000012114c        0x0 binaries/start.o
 .rel.iplt      0x000000000012114c        0x0 binaries/start.o
 .rel.text      0x000000000012114c        0x0 binaries/start.o

.data           0x0000000000121160      0xea0
                0x0000000000121160                data = ABSOLUTE (.)
 *(.data .data.*)
 .data          0x0000000000121160      0x460 binaries/start.o
                0x0000000000121160                gdt
                0x00000000001211a0                gdtr
                0x00000000001211a6                idt
                0x00000000001215a6                idtr
                0x00000000001215ac                cpudelay
                0x00000000001215b0                _bootdev
                0x00000000001215b4                _cyloffset
 .data          0x00000000001215c0       0x88 binaries/ascdate.o
                0x00000000001215c0                Date
[...]
 .comment       0x0000000000000023       0x24 binaries/lexan.o
 .comment       0x0000000000000023       0x24 binaries/shell.o
 .comment       0x0000000000000023       0x24 binaries/xsh_argecho.o
 .comment       0x0000000000000023       0x24 binaries/xsh_arp.o
 .comment       0x0000000000000023       0x24 binaries/xsh_cat.o
 .comment       0x0000000000000023       0x24 binaries/xsh_clear.o
 .comment       0x0000000000000023       0x24 binaries/xsh_date.o
 .comment       0x0000000000000023       0x24 binaries/xsh_devdump.o
 .comment       0x0000000000000023       0x24 binaries/xsh_echo.o
 .comment       0x0000000000000023       0x24 binaries/xsh_exit.o
 .comment       0x0000000000000023       0x24 binaries/xsh_help.o
 .comment       0x0000000000000023       0x24 binaries/xsh_kill.o
 .comment       0x0000000000000023       0x24 binaries/xsh_ls.o
 .comment       0x0000000000000023       0x24 binaries/xsh_memdump.o
 .comment       0x0000000000000023       0x24 binaries/xsh_memstat.o
 .comment       0x0000000000000023       0x24 binaries/xsh_netinfo.o
 .comment       0x0000000000000023       0x24 binaries/xsh_ns.o
 .comment       0x0000000000000023       0x24 binaries/xsh_ping.o
 .comment       0x0000000000000023       0x24 binaries/xsh_ps.o
 .comment       0x0000000000000023       0x24 binaries/xsh_sleep.o
 .comment       0x0000000000000023       0x24 binaries/xsh_udpdump.o
 .comment       0x0000000000000023       0x24 binaries/xsh_udpecho.o
 .comment       0x0000000000000023       0x24 binaries/xsh_udpserver.o
 .comment       0x0000000000000023       0x24 binaries/xsh_uptime.o

.note.GNU-stack
                0x0000000000000000        0x0
 .note.GNU-stack
                0x0000000000000000        0x0 binaries/ascdate.o
 .note.GNU-stack
                0x0000000000000000        0x0 binaries/bufinit.o
 .note.GNU-stack
                0x0000000000000000        0x0 binaries/chprio.o
 .note.GNU-stack
                0x0000000000000000        0x0 binaries/clkhandler.o
 .note.GNU-stack
                0x0000000000000000        0x0 binaries/clkinit.o
 .note.GNU-stack
                0x0000000000000000        0x0 binaries/close.o
 .note.GNU-stack
                0x0000000000000000        0x0 binaries/conf.o
 .note.GNU-stack
                0x0000000000000000        0x0 binaries/control.o
 .note.GNU-stack
                0x0000000000000000        0x0 binaries/control_reg.o
 .note.GNU-stack
                0x0000000000000000        0x0 binaries/create.o
 .note.GNU-stack
                0x0000000000000000        0x0 binaries/evec.o
 .note.GNU-stack
                0x0000000000000000        0x0 binaries/exit.o
 .note.GNU-stack
                0x0000000000000000        0x0 binaries/freebuf.o
 .note.GNU-stack
                0x0000000000000000        0x0 binaries/freemem.o
 .note.GNU-stack
                0x0000000000000000        0x0 binaries/getbuf.o
 .note.GNU-stack
                0x0000000000000000        0x0 binaries/getc.o
 .note.GNU-stack
                0x0000000000000000        0x0 binaries/getdev.o
 .note.GNU-stack
                0x0000000000000000        0x0 binaries/getitem.o
 .note.GNU-stack
                0x0000000000000000        0x0 binaries/getmem.o
 .note.GNU-stack
                0x0000000000000000        0x0 binaries/getpid.o
 .note.GNU-stack
                0x0000000000000000        0x0 binaries/getprio.o
 .note.GNU-stack
                0x0000000000000000        0x0 binaries/getstk.o
 .note.GNU-stack
                0x0000000000000000        0x0 binaries/getticks.o
 .note.GNU-stack
                0x0000000000000000        0x0 binaries/gettime.o
 .note.GNU-stack
                0x0000000000000000        0x0 binaries/getutime.o
 .note.GNU-stack
                0x0000000000000000        0x0 binaries/helper_functions.o
 .note.GNU-stack
                0x0000000000000000        0x0 binaries/i386.o
 .note.GNU-stack
                0x0000000000000000        0x0 binaries/init.o
 .note.GNU-stack
                0x0000000000000000        0x0 binaries/initialize.o
 .note.GNU-stack
                0x0000000000000000        0x0 binaries/insert.o
 .note.GNU-stack
                0x0000000000000000        0x0 binaries/insertd.o
 .note.GNU-stack
                0x0000000000000000        0x0 binaries/ioerr.o
 .note.GNU-stack
                0x0000000000000000        0x0 binaries/ionull.o
 .note.GNU-stack
                0x0000000000000000        0x0 binaries/kill.o
 .note.GNU-stack
                0x0000000000000000        0x0 binaries/kprintf.o
 .note.GNU-stack
                0x0000000000000000        0x0 binaries/main.o
 .note.GNU-stack
                0x0000000000000000        0x0 binaries/mark.o
 .note.GNU-stack
                0x0000000000000000        0x0 binaries/meminit.o
 .note.GNU-stack
                0x0000000000000000        0x0 binaries/mkbufpool.o
 .note.GNU-stack
                0x0000000000000000        0x0 binaries/newqueue.o
 .note.GNU-stack
                0x0000000000000000        0x0 binaries/open.o
 .note.GNU-stack
                0x0000000000000000        0x0 binaries/pagefault_handler.o
 .note.GNU-stack
                0x0000000000000000        0x0 binaries/panic.o
 .note.GNU-stack
                0x0000000000000000        0x0 binaries/pci.o
 .note.GNU-stack
                0x0000000000000000        0x0 binaries/ptclear.o
 .note.GNU-stack
                0x0000000000000000        0x0 binaries/ptcount.o
 .note.GNU-stack
                0x0000000000000000        0x0 binaries/ptcreate.o
 .note.GNU-stack
                0x0000000000000000        0x0 binaries/ptdelete.o
 .note.GNU-stack
                0x0000000000000000        0x0 binaries/ptinit.o
 .note.GNU-stack
                0x0000000000000000        0x0 binaries/ptrecv.o
 .note.GNU-stack
                0x0000000000000000        0x0 binaries/ptreset.o
 .note.GNU-stack
                0x0000000000000000        0x0 binaries/ptsend.o
 .note.GNU-stack
                0x0000000000000000        0x0 binaries/putc.o
 .note.GNU-stack
                0x0000000000000000        0x0 binaries/queue.o
 .note.GNU-stack
                0x0000000000000000        0x0 binaries/read.o
 .note.GNU-stack
                0x0000000000000000        0x0 binaries/ready.o
 .note.GNU-stack
                0x0000000000000000        0x0 binaries/receive.o
 .note.GNU-stack
                0x0000000000000000        0x0 binaries/recvclr.o
 .note.GNU-stack
                0x0000000000000000        0x0 binaries/recvtime.o
 .note.GNU-stack
                0x0000000000000000        0x0 binaries/resched.o
 .note.GNU-stack
                0x0000000000000000        0x0 binaries/resume.o
 .note.GNU-stack
                0x0000000000000000        0x0 binaries/seek.o
 .note.GNU-stack
                0x0000000000000000        0x0 binaries/semcount.o
 .note.GNU-stack
                0x0000000000000000        0x0 binaries/semcreate.o
 .note.GNU-stack
                0x0000000000000000        0x0 binaries/semdelete.o
 .note.GNU-stack
                0x0000000000000000        0x0 binaries/semreset.o
 .note.GNU-stack
                0x0000000000000000        0x0 binaries/send.o
 .note.GNU-stack
                0x0000000000000000        0x0 binaries/signal.o
 .note.GNU-stack
                0x0000000000000000        0x0 binaries/signaln.o
 .note.GNU-stack
                0x0000000000000000        0x0 binaries/sleep.o
 .note.GNU-stack
                0x0000000000000000        0x0 binaries/stacktrace.o
 .note.GNU-stack
                0x0000000000000000        0x0 binaries/suspend.o
 .note.GNU-stack
                0x0000000000000000        0x0 binaries/unsleep.o
 .note.GNU-stack
                0x0000000000000000        0x0 binaries/userret.o
 .note.GNU-stack
                0x0000000000000000        0x0 binaries/vcreate.o
 .note.GNU-stack
                0x0000000000000000        0x0 binaries/vfree.o
 .note.GNU-stack
                0x0000000000000000        0x0 binaries/vmalloc.o
 .note.GNU-stack
                0x0000000000000000        0x0 binaries/wait.o
 .note.GNU-stack
                0x0000000000000000        0x0 binaries/wakeup.o
 .note.GNU-stack
                0x0000000000000000        0x0 binaries/write.o
 .note.GNU-stack
                0x0000000000000000        0x0 binaries/xdone.o
 .note.GNU-stack
                0x0000000000000000        0x0 binaries/yield.o
 .note.GNU-stack
                0x0000000000000000        0x0 binaries/abs.o
 .note.GNU-stack
                0x0000000000000000        0x0 binaries/atoi.o
 .note.GNU-stack
                0x0000000000000000        0x0 binaries/atol.o
 .note.GNU-stack
                0x0000000000000000        0x0 binaries/bzero.o
 .note.GNU-stack
                0x0000000000000000        0x0 binaries/ctype_.o
 .note.GNU-stack
                0x0000000000000000        0x0 binaries/doprnt.o
 .note.GNU-stack
                0x0000000000000000        0x0 binaries/doscan.o
 .note.GNU-stack
                0x0000000000000000        0x0 binaries/fdoprnt.o
 .note.GNU-stack
                0x0000000000000000        0x0 binaries/fgetc.o
 .note.GNU-stack
                0x0000000000000000        0x0 binaries/fgets.o
 .note.GNU-stack
                0x0000000000000000        0x0 binaries/fprintf.o
 .note.GNU-stack
                0x0000000000000000        0x0 binaries/fputc.o
 .note.GNU-stack
                0x0000000000000000        0x0 binaries/fputs.o
 .note.GNU-stack
                0x0000000000000000        0x0 binaries/fscanf.o
 .note.GNU-stack
                0x0000000000000000        0x0 binaries/getchar.o
 .note.GNU-stack
                0x0000000000000000        0x0 binaries/labs.o
 .note.GNU-stack
                0x0000000000000000        0x0 binaries/memcmp.o
 .note.GNU-stack
                0x0000000000000000        0x0 binaries/memcpy.o
 .note.GNU-stack
                0x0000000000000000        0x0 binaries/memset.o
 .note.GNU-stack
                0x0000000000000000        0x0 binaries/printf.o
 .note.GNU-stack
                0x0000000000000000        0x0 binaries/putchar.o
 .note.GNU-stack
                0x0000000000000000        0x0 binaries/qsort.o
 .note.GNU-stack
                0x0000000000000000        0x0 binaries/rand.o
 .note.GNU-stack
                0x0000000000000000        0x0 binaries/sprintf.o
 .note.GNU-stack
                0x0000000000000000        0x0 binaries/sscanf.o
 .note.GNU-stack
                0x0000000000000000        0x0 binaries/strchr.o
 .note.GNU-stack
                0x0000000000000000        0x0 binaries/strcmp.o
 .note.GNU-stack
                0x0000000000000000        0x0 binaries/strcpy.o
 .note.GNU-stack
                0x0000000000000000        0x0 binaries/strlen.o
 .note.GNU-stack
                0x0000000000000000        0x0 binaries/strncat.o
 .note.GNU-stack
                0x0000000000000000        0x0 binaries/strncmp.o
 .note.GNU-stack
                0x0000000000000000        0x0 binaries/strncpy.o
 .note.GNU-stack
                0x0000000000000000        0x0 binaries/strnlen.o
 .note.GNU-stack
                0x0000000000000000        0x0 binaries/strrchr.o
 .note.GNU-stack
                0x0000000000000000        0x0 binaries/strstr.o
 .note.GNU-stack
                0x0000000000000000        0x0 binaries/ttycontrol.o
 .note.GNU-stack
                0x0000000000000000        0x0 binaries/ttygetc.o
 .note.GNU-stack
                0x0000000000000000        0x0 binaries/ttyhandle_in.o
 .note.GNU-stack
                0x0000000000000000        0x0 binaries/ttyhandle_out.o
 .note.GNU-stack
                0x0000000000000000        0x0 binaries/ttyhandler.o
 .note.GNU-stack
                0x0000000000000000        0x0 binaries/ttyinit.o
 .note.GNU-stack
                0x0000000000000000        0x0 binaries/ttykickout.o
 .note.GNU-stack
                0x0000000000000000        0x0 binaries/ttyputc.o
 .note.GNU-stack
                0x0000000000000000        0x0 binaries/ttyread.o
 .note.GNU-stack
                0x0000000000000000        0x0 binaries/ttywrite.o
 .note.GNU-stack
                0x0000000000000000        0x0 binaries/mount.o
 .note.GNU-stack
                0x0000000000000000        0x0 binaries/naminit.o
 .note.GNU-stack
                0x0000000000000000        0x0 binaries/nammap.o
 .note.GNU-stack
                0x0000000000000000        0x0 binaries/namopen.o
 .note.GNU-stack
                0x0000000000000000        0x0 binaries/82545EMInit.o
 .note.GNU-stack
                0x0000000000000000        0x0 binaries/ethcontrol.o
 .note.GNU-stack
                0x0000000000000000        0x0 binaries/ethhandler.o
 .note.GNU-stack
                0x0000000000000000        0x0 binaries/ethinit.o
 .note.GNU-stack
                0x0000000000000000        0x0 binaries/ethread.o
 .note.GNU-stack
                0x0000000000000000        0x0 binaries/ethwrite.o
 .note.GNU-stack
                0x0000000000000000        0x0 binaries/rdscomm.o
 .note.GNU-stack
                0x0000000000000000        0x0 binaries/rdscontrol.o
 .note.GNU-stack
                0x0000000000000000        0x0 binaries/rdsinit.o
 .note.GNU-stack
                0x0000000000000000        0x0 binaries/rdsopen.o
 .note.GNU-stack
                0x0000000000000000        0x0 binaries/rdsprocess.o
 .note.GNU-stack
                0x0000000000000000        0x0 binaries/rdsqfcns.o
 .note.GNU-stack
                0x0000000000000000        0x0 binaries/rdsread.o
 .note.GNU-stack
                0x0000000000000000        0x0 binaries/rdssetprio.o
 .note.GNU-stack
                0x0000000000000000        0x0 binaries/rdswrite.o
 .note.GNU-stack
                0x0000000000000000        0x0 binaries/ramclose.o
 .note.GNU-stack
                0x0000000000000000        0x0 binaries/raminit.o
 .note.GNU-stack
                0x0000000000000000        0x0 binaries/ramopen.o
 .note.GNU-stack
                0x0000000000000000        0x0 binaries/ramread.o
 .note.GNU-stack
                0x0000000000000000        0x0 binaries/ramwrite.o
 .note.GNU-stack
                0x0000000000000000        0x0 binaries/lfdballoc.o
 .note.GNU-stack
                0x0000000000000000        0x0 binaries/lfdbfree.o
 .note.GNU-stack
                0x0000000000000000        0x0 binaries/lfflush.o
 .note.GNU-stack
                0x0000000000000000        0x0 binaries/lfgetmode.o
 .note.GNU-stack
                0x0000000000000000        0x0 binaries/lfiballoc.o
 .note.GNU-stack
                0x0000000000000000        0x0 binaries/lfibclear.o
 .note.GNU-stack
                0x0000000000000000        0x0 binaries/lfibget.o
 .note.GNU-stack
                0x0000000000000000        0x0 binaries/lfibput.o
 .note.GNU-stack
                0x0000000000000000        0x0 binaries/lflclose.o
 .note.GNU-stack
                0x0000000000000000        0x0 binaries/lflcontrol.o
 .note.GNU-stack
                0x0000000000000000        0x0 binaries/lflgetc.o
 .note.GNU-stack
                0x0000000000000000        0x0 binaries/lflinit.o
 .note.GNU-stack
                0x0000000000000000        0x0 binaries/lflputc.o
 .note.GNU-stack
                0x0000000000000000        0x0 binaries/lflread.o
 .note.GNU-stack
                0x0000000000000000        0x0 binaries/lflseek.o
 .note.GNU-stack
                0x0000000000000000        0x0 binaries/lflwrite.o
 .note.GNU-stack
                0x0000000000000000        0x0 binaries/lfscheck.o
 .note.GNU-stack
                0x0000000000000000        0x0 binaries/lfsckfmt.o
 .note.GNU-stack
                0x0000000000000000        0x0 binaries/lfscreate.o
 .note.GNU-stack
                0x0000000000000000        0x0 binaries/lfsetup.o
 .note.GNU-stack
                0x0000000000000000        0x0 binaries/lfsinit.o
 .note.GNU-stack
                0x0000000000000000        0x0 binaries/lfsopen.o
 .note.GNU-stack
                0x0000000000000000        0x0 binaries/lftruncate.o
 .note.GNU-stack
                0x0000000000000000        0x0 binaries/rflclose.o
 .note.GNU-stack
                0x0000000000000000        0x0 binaries/rflgetc.o
 .note.GNU-stack
                0x0000000000000000        0x0 binaries/rflinit.o
 .note.GNU-stack
                0x0000000000000000        0x0 binaries/rflputc.o
 .note.GNU-stack
                0x0000000000000000        0x0 binaries/rflread.o
 .note.GNU-stack
                0x0000000000000000        0x0 binaries/rflseek.o
 .note.GNU-stack
                0x0000000000000000        0x0 binaries/rflwrite.o
 .note.GNU-stack
                0x0000000000000000        0x0 binaries/rfscomm.o
 .note.GNU-stack
                0x0000000000000000        0x0 binaries/rfscontrol.o
 .note.GNU-stack
                0x0000000000000000        0x0 binaries/rfsgetmode.o
 .note.GNU-stack
                0x0000000000000000        0x0 binaries/rfsinit.o
 .note.GNU-stack
                0x0000000000000000        0x0 binaries/rfsndmsg.o
 .note.GNU-stack
                0x0000000000000000        0x0 binaries/rfsopen.o
 .note.GNU-stack
                0x0000000000000000        0x0 binaries/arp.o
 .note.GNU-stack
                0x0000000000000000        0x0 binaries/dhcp.o
 .note.GNU-stack
                0x0000000000000000        0x0 binaries/dns.o
 .note.GNU-stack
                0x0000000000000000        0x0 binaries/dot2ip.o
 .note.GNU-stack
                0x0000000000000000        0x0 binaries/hexdump.o
 .note.GNU-stack
                0x0000000000000000        0x0 binaries/icmp.o
 .note.GNU-stack
                0x0000000000000000        0x0 binaries/ip.o
 .note.GNU-stack
                0x0000000000000000        0x0 binaries/net.o
 .note.GNU-stack
                0x0000000000000000        0x0 binaries/pdump.o
 .note.GNU-stack
                0x0000000000000000        0x0 binaries/tftp.o
 .note.GNU-stack
                0x0000000000000000        0x0 binaries/udp.o
 .note.GNU-stack
                0x0000000000000000        0x0 binaries/addargs.o
 .note.GNU-stack
                0x0000000000000000        0x0 binaries/lexan.o
 .note.GNU-stack
                0x0000000000000000        0x0 binaries/shell.o
 .note.GNU-stack
                0x0000000000000000        0x0 binaries/xsh_argecho.o
 .note.GNU-stack
                0x0000000000000000        0x0 binaries/xsh_arp.o
 .note.GNU-stack
                0x0000000000000000        0x0 binaries/xsh_cat.o
 .note.GNU-stack
                0x0000000000000000        0x0 binaries/xsh_clear.o
 .note.GNU-stack
                0x0000000000000000        0x0 binaries/xsh_date.o
 .note.GNU-stack
                0x0000000000000000        0x0 binaries/xsh_devdump.o
 .note.GNU-stack
                0x0000000000000000        0x0 binaries/xsh_echo.o
 .note.GNU-stack
                0x0000000000000000        0x0 binaries/xsh_exit.o
 .note.GNU-stack
                0x0000000000000000        0x0 binaries/xsh_help.o
 .note.GNU-stack
                0x0000000000000000        0x0 binaries/xsh_kill.o
 .note.GNU-stack
                0x0000000000000000        0x0 binaries/xsh_ls.o
 .note.GNU-stack
                0x0000000000000000        0x0 binaries/xsh_memdump.o
 .note.GNU-stack
                0x0000000000000000        0x0 binaries/xsh_memstat.o
 .note.GNU-stack
                0x0000000000000000        0x0 binaries/xsh_netinfo.o
 .note.GNU-stack
                0x0000000000000000        0x0 binaries/xsh_ns.o
 .note.GNU-stack
                0x0000000000000000        0x0 binaries/xsh_ping.o
 .note.GNU-stack
                0x0000000000000000        0x0 binaries/xsh_ps.o
 .note.GNU-stack
                0x0000000000000000        0x0 binaries/xsh_sleep.o
 .note.GNU-stack
                0x0000000000000000        0x0 binaries/xsh_udpdump.o
 .note.GNU-stack
                0x0000000000000000        0x0 binaries/xsh_udpecho.o
 .note.GNU-stack
                0x0000000000000000        0x0 binaries/xsh_udpserver.o
 .note.GNU-stack
                0x0000000000000000        0x0 binaries/xsh_uptime.o
